22:03:26 [INFO] 继承 Q2 的运输方案 ...
22:03:27 [INFO] Q2 方案：35 架次 / 83.01 kWh
22:03:27 [INFO] 扫描 35 个运输架次的连续通信状态（dt=5.0s）...
22:03:36 [INFO] 继承 Q2 的运输方案 ...
22:03:37 [INFO] Q2 方案：35 架次 / 83.01 kWh
22:03:37 [INFO] 扫描 35 个运输架次的连续通信状态（dt=5.0s）...
22:03:39 [INFO] 需中继保障的架次：29 / 35；平均中断占比 31.5%
22:03:39 [INFO] 生成中继悬停候选点（步长 600 m）...
22:03:39 [INFO] 候选点 845 个
22:14:10 [INFO] 继承 Q2 的运输方案 ...
22:14:11 [INFO] Q2 方案：35 架次 / 83.01 kWh
22:14:11 [INFO] 扫描 35 个运输架次的连续通信状态（dt=5.0s）...
22:14:12 [INFO] 需中继保障的架次：29 / 35；平均中断占比 31.3%
22:14:12 [INFO] 生成中继悬停候选点（步长 800 m）...
22:14:12 [INFO] 候选点 481 个
22:20:07 [INFO] 单点全程覆盖成功：28 / 29 个需保障架次
22:20:29 [INFO] 继承 Q2 的运输方案 ...
22:20:29 [INFO] Q2 方案：35 架次 / 83.01 kWh
22:20:30 [INFO] 扫描 35 个运输架次的连续通信状态（dt=5.0s）...
22:20:30 [INFO] 需中继保障的架次：29 / 35；平均中断占比 31.3%
22:20:30 [INFO] 生成中继悬停候选点（步长 800 m）...
22:20:30 [INFO] 候选点 481 个
22:21:30 [INFO] 单点全程覆盖成功：28 / 29 个需保障架次
22:21:30 [INFO] 独立校验：未通过（50 条）
22:21:30 [INFO]    超出期望送达时间: 26
22:21:30 [INFO]    首批保障箱超时: 23
22:21:30 [INFO]    通信中断时段未获中继保障: 1
22:22:20 [INFO] 继承 Q2 的运输方案 ...
22:22:21 [INFO] Q2 方案：35 架次 / 83.01 kWh
22:22:21 [INFO] 扫描 35 个运输架次的连续通信状态（dt=5.0s）...
22:22:22 [INFO] 需中继保障的架次：29 / 35；平均中断占比 31.3%
22:22:22 [INFO] 生成中继悬停候选点（步长 800 m）...
22:22:22 [INFO] 候选点 481 个
22:23:56 [INFO] 单点全程覆盖成功：30 / 29 个需保障架次
22:23:56 [INFO] 独立校验：未通过（50 条）
22:23:56 [INFO]    超出期望送达时间: 26
22:23:56 [INFO]    首批保障箱超时: 23
22:23:56 [INFO]    通信中断时段未获中继保障: 1
22:24:21 [INFO] 继承 Q2 的运输方案 ...
22:24:22 [INFO] Q2 方案：35 架次 / 83.01 kWh
22:24:22 [INFO] 扫描 35 个运输架次的连续通信状态（dt=5.0s）...
22:24:23 [INFO] 需中继保障的架次：29 / 35；平均中断占比 31.3%
22:24:23 [INFO] 生成中继悬停候选点（步长 800 m）...
22:24:23 [INFO] 候选点 481 个
22:25:43 [INFO] 单点全程覆盖成功：30 / 29 个需保障架次
22:25:43 [INFO] 独立校验：未通过（49 条）
22:25:43 [INFO]    超出期望送达时间: 26
22:25:43 [INFO]    首批保障箱超时: 23
22:27:43 [INFO] 继承 Q2 的运输方案 ...
22:27:44 [INFO] Q2 方案：35 架次 / 83.01 kWh
22:27:44 [INFO] 扫描 35 个运输架次的连续通信状态（dt=5.0s）...
22:27:45 [INFO] 需中继保障的架次：29 / 35；平均中断占比 31.3%
22:27:45 [INFO] 生成中继悬停候选点（步长 800 m）...
22:27:45 [INFO] 候选点 481 个
22:29:07 [INFO] 单点全程覆盖成功：30 / 29 个需保障架次
22:29:07 [INFO] 独立校验：未通过（49 条）
22:29:07 [INFO]    超出期望送达时间: 26
22:29:07 [INFO]    首批保障箱超时: 23
10:20:02 [INFO] 单点全程覆盖成功：28 / 29 个需保障架次
23:10:41 [INFO] 继承 Q2 的运输方案 ...
23:10:42 [INFO] Q2 方案：35 架次 / 83.01 kWh
23:10:42 [INFO] 扫描 35 个运输架次的连续通信状态（dt=2.0s）...
23:10:49 [INFO] 需中继保障的架次：29 / 35；平均中断占比 31.0%
23:10:49 [INFO] 生成中继悬停候选点（步长 400 m）...
23:10:49 [INFO] 候选点 1885 个
23:26:38 [INFO] 单点全程覆盖成功：30 / 29 个需保障架次
23:26:38 [INFO] 独立校验：未通过（49 条）
23:26:38 [INFO]    超出期望送达时间: 26
23:26:38 [INFO]    首批保障箱超时: 23
00:28:18 [INFO] 继承 Q2 的运输方案 ...
00:28:21 [INFO] Q2 方案：16 架次 / 81.34 kWh
00:28:21 [INFO] 扫描 16 个运输架次的连续通信状态（dt=2.0s）...
00:28:25 [INFO] 需中继保障的架次：14 / 16；平均中断占比 34.9%
00:28:25 [INFO] 生成中继悬停候选点（步长 400 m）...
00:28:25 [INFO] 候选点 1885 个
00:33:04 [INFO] 单点全程覆盖成功：14 / 14 个需保障架次
00:33:04 [INFO] 独立校验：未通过（39 条）
00:33:04 [INFO]    超出期望送达时间: 26
00:33:04 [INFO]    首批保障箱超时: 13
00:33:04 [INFO] 硬约束闸门：通过（物理/资源/通信类违规 0 条；时限类 39 条已按论文口径论证）
00:34:41 [INFO] 继承 Q2 的运输方案 ...
00:34:44 [INFO] Q2 方案：16 架次 / 81.34 kWh
00:34:44 [INFO] 扫描 16 个运输架次的连续通信状态（dt=2.0s）...
00:34:49 [INFO] 需中继保障的架次：14 / 16；平均中断占比 34.9%
00:34:49 [INFO] 生成中继悬停候选点（步长 400 m）...
00:34:49 [INFO] 候选点 1885 个
00:39:32 [INFO] 单点全程覆盖成功：14 / 14 个需保障架次
00:39:32 [INFO] 独立校验：未通过（39 条）
00:39:32 [INFO]    超出期望送达时间: 26
00:39:32 [INFO]    首批保障箱超时: 13
00:39:32 [INFO] 硬约束闸门：通过（物理/资源/通信类违规 0 条；时限类 39 条已按论文口径论证）
01:13:18 [INFO] 继承 Q2 的运输方案 ...
01:13:21 [INFO] Q2 方案：14 架次 / 77.94 kWh
01:13:21 [INFO] 扫描 14 个运输架次的连续通信状态（dt=2.0s）...
01:13:24 [INFO] 需中继保障的架次：14 / 14；平均中断占比 36.8%
01:13:24 [INFO] 生成中继悬停候选点（步长 400 m）...
01:13:24 [INFO] 候选点 1885 个
01:18:24 [INFO] 单点全程覆盖成功：14 / 14 个需保障架次
01:18:24 [INFO] 独立校验：未通过（36 条）
01:18:24 [INFO]    超出期望送达时间: 19
01:18:24 [INFO]    首批保障箱超时: 17
01:18:24 [INFO] 硬约束闸门：通过（物理/资源/通信类违规 0 条；时限类 36 条已按论文口径论证）
01:41:27 [INFO] 继承 Q2 的运输方案 ...
01:41:39 [INFO] Q2 方案：28 架次 / 82.30 kWh
01:41:39 [INFO] 扫描 28 个运输架次的连续通信状态（dt=2.0s）...
01:41:44 [INFO] 需中继保障的架次：24 / 28；平均中断占比 28.6%
01:41:44 [INFO] 生成中继悬停候选点（步长 400 m）...
01:41:44 [INFO] 候选点 1885 个
01:43:06 [INFO] 继承 Q2 的运输方案 ...
01:43:18 [INFO] Q2 方案：28 架次 / 82.30 kWh
01:43:18 [INFO] 扫描 28 个运输架次的连续通信状态（dt=2.0s）...
01:43:24 [INFO] 需中继保障的架次：24 / 28；平均中断占比 28.6%
01:43:24 [INFO] 生成中继悬停候选点（步长 400 m）...
01:43:24 [INFO] 候选点 1885 个
01:48:44 [INFO] 单点全程覆盖成功：24 / 24 个需保障架次
01:48:44 [INFO] 独立校验：未通过（12 条）
01:48:44 [INFO]    超出期望送达时间: 7
01:48:44 [INFO]    首批保障箱超时: 5
01:48:44 [INFO] 硬约束闸门：通过（物理/资源/通信类违规 0 条；时限类 12 条已按论文口径论证）
01:50:18 [INFO] 单点全程覆盖成功：24 / 24 个需保障架次
01:50:18 [INFO] 独立校验：通过（0 条）
01:50:18 [INFO] 硬约束闸门：通过（物理/资源/通信类违规 0 条；时限类 0 条已按论文口径论证）
01:57:01 [INFO] 继承 Q2 的运输方案 ...
01:57:13 [INFO] Q2 方案：28 架次 / 82.30 kWh
01:57:13 [INFO] 扫描 28 个运输架次的连续通信状态（dt=2.0s）...
01:57:18 [INFO] 需中继保障的架次：24 / 28；平均中断占比 28.6%
01:57:18 [INFO] 生成中继悬停候选点（步长 400 m）...
01:57:18 [INFO] 候选点 1885 个
02:04:33 [INFO] 单点全程覆盖成功：24 / 24 个需保障架次
02:04:33 [INFO] 独立校验：通过（0 条）
02:04:33 [INFO] 硬约束闸门：通过（物理/资源/通信类违规 0 条；时限类 0 条已按论文口径论证）
13:33:24 [INFO] 继承 Q2 的运输方案 ...
13:33:26 [INFO] Q2 方案：25 架次 / 77.30 kWh
13:33:26 [INFO] 扫描 25 个运输架次的连续通信状态（dt=2.0s）...
13:33:31 [INFO] 需中继保障的架次：20 / 25；平均中断占比 28.4%
13:33:31 [INFO] 生成中继悬停候选点（步长 400 m）...
13:33:31 [INFO] 候选点 1885 个
13:39:57 [INFO] 单点全程覆盖成功：20 / 20 个需保障架次
13:39:57 [INFO] 独立校验：通过（0 条）
13:39:57 [INFO] 硬约束闸门：通过（物理/资源/通信类违规 0 条；时限类 0 条已按论文口径论证）
13:55:18 [INFO] 继承 Q2 的运输方案 ...
13:55:21 [INFO] Q2 方案：25 架次 / 77.30 kWh
13:55:21 [INFO] 扫描 25 个运输架次的连续通信状态（dt=2.0s）...
13:55:25 [INFO] 需中继保障的架次：20 / 25；平均中断占比 28.4%
13:55:25 [INFO] 生成中继悬停候选点（步长 400 m）...
13:55:25 [INFO] 候选点 1885 个
14:01:18 [INFO] 单点全程覆盖成功：20 / 20 个需保障架次
14:01:18 [WARNING] ★ 中继时间覆盖复核：0/20 个架次的中继在站时段完整覆盖所需窗口（真实覆盖率 0.0%；几何可达覆盖率见 coverage_rate）。差异根因见本节 6b 注释（排班未纳入服务窗口 + 服务区间被静默截短）。
14:01:18 [INFO] 独立校验：通过（0 条）
14:01:18 [INFO] 硬约束闸门：通过（物理/资源/通信类违规 0 条；时限类 0 条已按论文口径论证）
