21:25:51 [INFO] 载入输入 ...
21:25:51 [INFO] 货箱 80 / 机型 ['A', 'B', 'C'] / 机队 {'A': ['U01', 'U02', 'U03', 'U04'], 'B': ['U05', 'U06'], 'C': ['U07', 'U08']} / 电池 {'A': 6, 'B': 4, 'C': 4}
21:26:00 [INFO] 载入输入 ...
21:26:00 [INFO] 货箱 80 / 机型 ['A', 'B', 'C'] / 机队 {'A': ['U01', 'U02', 'U03', 'U04'], 'B': ['U05', 'U06'], 'C': ['U07', 'U08']} / 电池 {'A': 6, 'B': 4, 'C': 4}
21:36:27 [INFO] 载入输入 ...
21:36:27 [INFO] 货箱 80 / 机型 ['A', 'B', 'C'] / 机队 {'A': ['U01', 'U02', 'U03', 'U04'], 'B': ['U05', 'U06'], 'C': ['U07', 'U08']} / 电池 {'A': 6, 'B': 4, 'C': 4}
21:37:18 [INFO] 求解完成：35 架次 / 89.88 kWh / makespan 37532 s / 首批违规 20 / 期望违规 66
21:37:18 [INFO] 独立校验：246 条违规
21:37:18 [WARNING]   [超出能量预算] 架次 T001：重算能耗 21.2271 kWh > 预算 3.2000 kWh
21:37:18 [WARNING]   [返航SOC低于下限] 架次 T001：返航 SOC 0.0000 < 下限 0.2000
21:37:18 [WARNING]   [架次时长不足以完成任务] 架次 T001：服务区 S001 交付时刻 916.3s 早于最早可能 2095.4s（准备+装载+首段飞行都不够）
21:37:18 [WARNING]   [架次时长不足以完成任务] 架次 T001：服务区 S002 交付时刻 1463.1s 早于最早可能 2095.4s（准备+装载+首段飞行都不够）
21:37:18 [WARNING]   [超出能量预算] 架次 T002：重算能耗 20.5062 kWh > 预算 3.2000 kWh
21:37:18 [WARNING]   [返航SOC低于下限] 架次 T002：返航 SOC 0.0000 < 下限 0.2000
21:37:18 [WARNING]   [架次时长不足以完成任务] 架次 T002：服务区 S007 交付时刻 1118.8s 早于最早可能 2172.0s（准备+装载+首段飞行都不够）
21:37:18 [WARNING]   [架次时长不足以完成任务] 架次 T002：服务区 S013 交付时刻 1894.1s 早于最早可能 2172.0s（准备+装载+首段飞行都不够）
21:37:18 [WARNING]   [超出能量预算] 架次 T003：重算能耗 26.1215 kWh > 预算 3.2000 kWh
21:37:18 [WARNING]   [返航SOC低于下限] 架次 T003：返航 SOC 0.0000 < 下限 0.2000
21:39:53 [INFO] 载入输入 ...
21:39:53 [INFO] 货箱 80 / 机型 ['A', 'B', 'C'] / 机队 {'A': ['U01', 'U02', 'U03', 'U04'], 'B': ['U05', 'U06'], 'C': ['U07', 'U08']} / 电池 {'A': 6, 'B': 4, 'C': 4}
21:52:01 [INFO] 载入输入 ...
21:52:01 [INFO] 货箱 80 / 机型 ['A', 'B', 'C'] / 机队 {'A': ['U01', 'U02', 'U03', 'U04'], 'B': ['U05', 'U06'], 'C': ['U07', 'U08']} / 电池 {'A': 6, 'B': 4, 'C': 4}
21:52:02 [INFO] 求解完成：27 架次 / 77.79 kWh / makespan 20042 s / 首批违规 15 / 期望违规 37
21:52:02 [INFO] 独立校验：149 条违规
21:52:02 [WARNING]   [架次时长不足以完成任务] 架次 T001：服务区 S001 交付时刻 916.3s 早于最早可能 966.3s（准备+装载+首段飞行都不够）
21:52:02 [WARNING]   [架次时长不足以完成任务] 架次 T002：服务区 S001 交付时刻 856.3s 早于最早可能 936.3s（准备+装载+首段飞行都不够）
21:52:02 [WARNING]   [超出能量预算] 架次 T003：重算能耗 33.9141 kWh > 预算 6.4000 kWh
21:52:02 [WARNING]   [返航SOC低于下限] 架次 T003：返航 SOC 0.0000 < 下限 0.2000
21:52:02 [WARNING]   [架次时长不足以完成任务] 架次 T003：服务区 S006 交付时刻 1166.0s 早于最早可能 2050.2s（准备+装载+首段飞行都不够）
21:52:02 [WARNING]   [架次时长不足以完成任务] 架次 T003：服务区 S007 交付时刻 1772.2s 早于最早可能 2050.2s（准备+装载+首段飞行都不够）
21:52:02 [WARNING]   [超出能量预算] 架次 T004：重算能耗 39.9966 kWh > 预算 6.4000 kWh
21:52:02 [WARNING]   [返航SOC低于下限] 架次 T004：返航 SOC 0.0000 < 下限 0.2000
21:52:02 [WARNING]   [架次时长不足以完成任务] 架次 T004：服务区 S001 交付时刻 1102.5s 早于最早可能 2167.1s（准备+装载+首段飞行都不够）
21:52:02 [WARNING]   [架次时长不足以完成任务] 架次 T004：服务区 S010 交付时刻 1702.1s 早于最早可能 2167.1s（准备+装载+首段飞行都不够）
21:52:13 [INFO] 载入输入 ...
21:52:13 [INFO] 货箱 80 / 机型 ['A', 'B', 'C'] / 机队 {'A': ['U01', 'U02', 'U03', 'U04'], 'B': ['U05', 'U06'], 'C': ['U07', 'U08']} / 电池 {'A': 6, 'B': 4, 'C': 4}
21:52:14 [INFO] 求解完成：27 架次 / 77.79 kWh / makespan 19728 s / 首批违规 13 / 期望违规 29
21:52:14 [INFO] 独立校验：139 条违规
21:52:14 [WARNING]   [架次时长不足以完成任务] 架次 T001：服务区 S001 交付时刻 916.3s 早于最早可能 966.3s（准备+装载+首段飞行都不够）
21:52:14 [WARNING]   [架次时长不足以完成任务] 架次 T002：服务区 S001 交付时刻 856.3s 早于最早可能 936.3s（准备+装载+首段飞行都不够）
21:52:14 [WARNING]   [超出能量预算] 架次 T003：重算能耗 33.9141 kWh > 预算 6.4000 kWh
21:52:14 [WARNING]   [返航SOC低于下限] 架次 T003：返航 SOC 0.0000 < 下限 0.2000
21:52:14 [WARNING]   [架次时长不足以完成任务] 架次 T003：服务区 S006 交付时刻 1166.0s 早于最早可能 2050.2s（准备+装载+首段飞行都不够）
21:52:14 [WARNING]   [架次时长不足以完成任务] 架次 T003：服务区 S007 交付时刻 1772.2s 早于最早可能 2050.2s（准备+装载+首段飞行都不够）
21:52:14 [WARNING]   [超出能量预算] 架次 T004：重算能耗 39.9966 kWh > 预算 6.4000 kWh
21:52:14 [WARNING]   [返航SOC低于下限] 架次 T004：返航 SOC 0.0000 < 下限 0.2000
21:52:14 [WARNING]   [架次时长不足以完成任务] 架次 T004：服务区 S001 交付时刻 1102.5s 早于最早可能 2167.1s（准备+装载+首段飞行都不够）
21:52:14 [WARNING]   [架次时长不足以完成任务] 架次 T004：服务区 S010 交付时刻 1702.1s 早于最早可能 2167.1s（准备+装载+首段飞行都不够）
21:52:58 [INFO] 载入输入 ...
21:52:58 [INFO] 货箱 80 / 机型 ['A', 'B', 'C'] / 机队 {'A': ['U01', 'U02', 'U03', 'U04'], 'B': ['U05', 'U06'], 'C': ['U07', 'U08']} / 电池 {'A': 6, 'B': 4, 'C': 4}
21:53:13 [INFO] 载入输入 ...
21:53:13 [INFO] 货箱 80 / 机型 ['A', 'B', 'C'] / 机队 {'A': ['U01', 'U02', 'U03', 'U04'], 'B': ['U05', 'U06'], 'C': ['U07', 'U08']} / 电池 {'A': 6, 'B': 4, 'C': 4}
21:53:15 [INFO] 求解完成：35 架次 / 83.01 kWh / makespan 35219 s / 首批违规 23 / 期望违规 49
21:53:15 [INFO] 独立校验：216 条违规
21:53:15 [WARNING]   [架次时长不足以完成任务] 架次 T001：服务区 S001 交付时刻 916.3s 早于最早可能 966.3s（准备+装载+首段飞行都不够）
21:53:15 [WARNING]   [架次时长不足以完成任务] 架次 T002：服务区 S001 交付时刻 856.3s 早于最早可能 936.3s（准备+装载+首段飞行都不够）
21:53:15 [WARNING]   [架次时长不足以完成任务] 架次 T003：服务区 S001 交付时刻 2002.5s 早于最早可能 2082.5s（准备+装载+首段飞行都不够）
21:53:15 [WARNING]   [架次时长不足以完成任务] 架次 T004：服务区 S001 交付时刻 2062.5s 早于最早可能 2142.5s（准备+装载+首段飞行都不够）
21:53:15 [WARNING]   [架次时长不足以完成任务] 架次 T005：服务区 S006 交付时刻 3273.4s 早于最早可能 3357.0s（准备+装载+首段飞行都不够）
21:53:15 [WARNING]   [架次时长不足以完成任务] 架次 T006：服务区 S006 交付时刻 3233.7s 早于最早可能 3347.4s（准备+装载+首段飞行都不够）
21:53:15 [WARNING]   [超出能量预算] 架次 T007：重算能耗 4.1638 kWh > 预算 3.2000 kWh
21:53:15 [WARNING]   [返航SOC低于下限] 架次 T007：返航 SOC 0.0000 < 下限 0.2000
21:53:15 [WARNING]   [架次时长不足以完成任务] 架次 T007：服务区 S005 交付时刻 4597.5s 早于最早可能 4862.0s（准备+装载+首段飞行都不够）
21:53:15 [WARNING]   [超出能量预算] 架次 T008：重算能耗 8.7177 kWh > 预算 3.2000 kWh
21:53:38 [INFO] 载入输入 ...
21:53:39 [INFO] 货箱 80 / 机型 ['A', 'B', 'C'] / 机队 {'A': ['U01', 'U02', 'U03', 'U04'], 'B': ['U05', 'U06'], 'C': ['U07', 'U08']} / 电池 {'A': 6, 'B': 4, 'C': 4}
21:53:39 [INFO] 求解完成：35 架次 / 83.01 kWh / makespan 35219 s / 首批违规 23 / 期望违规 49
21:53:39 [INFO] 独立校验：216 条违规
21:53:39 [WARNING]   [架次时长不足以完成任务] 架次 T001：服务区 S001 交付时刻 916.3s 早于最早可能 966.3s（准备+装载+首段飞行都不够）
21:53:39 [WARNING]   [架次时长不足以完成任务] 架次 T002：服务区 S001 交付时刻 856.3s 早于最早可能 936.3s（准备+装载+首段飞行都不够）
21:53:39 [WARNING]   [架次时长不足以完成任务] 架次 T003：服务区 S001 交付时刻 2002.5s 早于最早可能 2082.5s（准备+装载+首段飞行都不够）
21:53:39 [WARNING]   [架次时长不足以完成任务] 架次 T004：服务区 S001 交付时刻 2062.5s 早于最早可能 2142.5s（准备+装载+首段飞行都不够）
21:53:39 [WARNING]   [架次时长不足以完成任务] 架次 T005：服务区 S006 交付时刻 3273.4s 早于最早可能 3357.0s（准备+装载+首段飞行都不够）
21:53:39 [WARNING]   [架次时长不足以完成任务] 架次 T006：服务区 S006 交付时刻 3233.7s 早于最早可能 3347.4s（准备+装载+首段飞行都不够）
21:53:39 [WARNING]   [超出能量预算] 架次 T007：重算能耗 4.1638 kWh > 预算 3.2000 kWh
21:53:39 [WARNING]   [返航SOC低于下限] 架次 T007：返航 SOC 0.0000 < 下限 0.2000
21:53:39 [WARNING]   [架次时长不足以完成任务] 架次 T007：服务区 S005 交付时刻 4597.5s 早于最早可能 4862.0s（准备+装载+首段飞行都不够）
21:53:39 [WARNING]   [超出能量预算] 架次 T008：重算能耗 8.7177 kWh > 预算 3.2000 kWh
21:54:02 [INFO] 载入输入 ...
21:54:02 [INFO] 货箱 80 / 机型 ['A', 'B', 'C'] / 机队 {'A': ['U01', 'U02', 'U03', 'U04'], 'B': ['U05', 'U06'], 'C': ['U07', 'U08']} / 电池 {'A': 6, 'B': 4, 'C': 4}
21:54:10 [INFO] 载入输入 ...
21:54:10 [INFO] 货箱 80 / 机型 ['A', 'B', 'C'] / 机队 {'A': ['U01', 'U02', 'U03', 'U04'], 'B': ['U05', 'U06'], 'C': ['U07', 'U08']} / 电池 {'A': 6, 'B': 4, 'C': 4}
21:54:11 [INFO] 求解完成：35 架次 / 83.01 kWh / makespan 35219 s / 首批违规 23 / 期望违规 49
21:54:11 [INFO] 独立校验：216 条违规
21:54:11 [WARNING]   [架次时长不足以完成任务] 架次 T001：服务区 S001 交付时刻 916.3s 早于最早可能 966.3s（准备+装载+首段飞行都不够）
21:54:11 [WARNING]   [架次时长不足以完成任务] 架次 T002：服务区 S001 交付时刻 856.3s 早于最早可能 936.3s（准备+装载+首段飞行都不够）
21:54:11 [WARNING]   [架次时长不足以完成任务] 架次 T003：服务区 S001 交付时刻 2002.5s 早于最早可能 2082.5s（准备+装载+首段飞行都不够）
21:54:11 [WARNING]   [架次时长不足以完成任务] 架次 T004：服务区 S001 交付时刻 2062.5s 早于最早可能 2142.5s（准备+装载+首段飞行都不够）
21:54:11 [WARNING]   [架次时长不足以完成任务] 架次 T005：服务区 S006 交付时刻 3273.4s 早于最早可能 3357.0s（准备+装载+首段飞行都不够）
21:54:11 [WARNING]   [架次时长不足以完成任务] 架次 T006：服务区 S006 交付时刻 3233.7s 早于最早可能 3347.4s（准备+装载+首段飞行都不够）
21:54:11 [WARNING]   [超出能量预算] 架次 T007：重算能耗 4.1638 kWh > 预算 3.2000 kWh
21:54:11 [WARNING]   [返航SOC低于下限] 架次 T007：返航 SOC 0.0000 < 下限 0.2000
21:54:11 [WARNING]   [架次时长不足以完成任务] 架次 T007：服务区 S005 交付时刻 4597.5s 早于最早可能 4862.0s（准备+装载+首段飞行都不够）
21:54:11 [WARNING]   [超出能量预算] 架次 T008：重算能耗 8.7177 kWh > 预算 3.2000 kWh
21:54:59 [INFO] 载入输入 ...
21:55:00 [INFO] 货箱 80 / 机型 ['A', 'B', 'C'] / 机队 {'A': ['U01', 'U02', 'U03', 'U04'], 'B': ['U05', 'U06'], 'C': ['U07', 'U08']} / 电池 {'A': 6, 'B': 4, 'C': 4}
21:55:00 [INFO] 求解完成：35 架次 / 83.01 kWh / makespan 35219 s / 首批违规 23 / 期望违规 49
21:55:00 [INFO] 独立校验：216 条违规
21:55:00 [WARNING]   [架次时长不足以完成任务] 架次 T001：服务区 S001 交付时刻 916.3s 早于最早可能 966.3s（准备+装载+首段飞行都不够）
21:55:00 [WARNING]   [架次时长不足以完成任务] 架次 T002：服务区 S001 交付时刻 856.3s 早于最早可能 936.3s（准备+装载+首段飞行都不够）
21:55:00 [WARNING]   [架次时长不足以完成任务] 架次 T003：服务区 S001 交付时刻 2002.5s 早于最早可能 2082.5s（准备+装载+首段飞行都不够）
21:55:00 [WARNING]   [架次时长不足以完成任务] 架次 T004：服务区 S001 交付时刻 2062.5s 早于最早可能 2142.5s（准备+装载+首段飞行都不够）
21:55:00 [WARNING]   [架次时长不足以完成任务] 架次 T005：服务区 S006 交付时刻 3273.4s 早于最早可能 3357.0s（准备+装载+首段飞行都不够）
21:55:00 [WARNING]   [架次时长不足以完成任务] 架次 T006：服务区 S006 交付时刻 3233.7s 早于最早可能 3347.4s（准备+装载+首段飞行都不够）
21:55:00 [WARNING]   [超出能量预算] 架次 T007：重算能耗 4.1638 kWh > 预算 3.2000 kWh
21:55:00 [WARNING]   [返航SOC低于下限] 架次 T007：返航 SOC 0.0000 < 下限 0.2000
21:55:00 [WARNING]   [架次时长不足以完成任务] 架次 T007：服务区 S005 交付时刻 4597.5s 早于最早可能 4862.0s（准备+装载+首段飞行都不够）
21:55:00 [WARNING]   [超出能量预算] 架次 T008：重算能耗 8.7177 kWh > 预算 3.2000 kWh
21:55:41 [INFO] 载入输入 ...
21:55:41 [INFO] 货箱 80 / 机型 ['A', 'B', 'C'] / 机队 {'A': ['U01', 'U02', 'U03', 'U04'], 'B': ['U05', 'U06'], 'C': ['U07', 'U08']} / 电池 {'A': 6, 'B': 4, 'C': 4}
21:55:41 [INFO] 求解完成：35 架次 / 83.01 kWh / makespan 35219 s / 首批违规 23 / 期望违规 49
21:55:41 [INFO] 独立校验：229 条违规
21:55:41 [WARNING]   [架次时长不足以完成任务] 架次 T001：服务区 S001 交付时刻 916.3s 早于最早可能 966.3s（准备+装载+首段飞行都不够）
21:55:41 [WARNING]   [架次时长不足以完成任务] 架次 T002：服务区 S001 交付时刻 856.3s 早于最早可能 936.3s（准备+装载+首段飞行都不够）
21:55:41 [WARNING]   [架次时长不足以完成任务] 架次 T003：服务区 S001 交付时刻 2002.5s 早于最早可能 2082.5s（准备+装载+首段飞行都不够）
21:55:41 [WARNING]   [架次时长不足以完成任务] 架次 T004：服务区 S001 交付时刻 2062.5s 早于最早可能 2142.5s（准备+装载+首段飞行都不够）
21:55:41 [WARNING]   [架次时长不足以完成任务] 架次 T005：服务区 S006 交付时刻 3273.4s 早于最早可能 3357.0s（准备+装载+首段飞行都不够）
21:55:41 [WARNING]   [架次时长不足以完成任务] 架次 T006：服务区 S006 交付时刻 3233.7s 早于最早可能 3347.4s（准备+装载+首段飞行都不够）
21:55:41 [WARNING]   [超出能量预算] 架次 T007：重算能耗 4.1638 kWh > 预算 3.2000 kWh
21:55:41 [WARNING]   [返航SOC低于下限] 架次 T007：返航 SOC 0.0000 < 下限 0.2000
21:55:41 [WARNING]   [架次时长不足以完成任务] 架次 T007：服务区 S005 交付时刻 4597.5s 早于最早可能 4862.0s（准备+装载+首段飞行都不够）
21:55:41 [WARNING]   [超出能量预算] 架次 T008：重算能耗 8.7177 kWh > 预算 3.2000 kWh
21:56:29 [INFO] 载入输入 ...
21:56:29 [INFO] 货箱 80 / 机型 ['A', 'B', 'C'] / 机队 {'A': ['U01', 'U02', 'U03', 'U04'], 'B': ['U05', 'U06'], 'C': ['U07', 'U08']} / 电池 {'A': 6, 'B': 4, 'C': 4}
21:56:30 [INFO] 求解完成：35 架次 / 83.01 kWh / makespan 35219 s / 首批违规 23 / 期望违规 49
21:56:30 [INFO] 独立校验：74 条违规
21:56:30 [WARNING]   [超出期望送达时间] 架次 T015：货箱 S007-HYG-01 交付 12680.3s > 期望 10800s
21:56:30 [WARNING]   [超出期望送达时间] 架次 T015：货箱 S002-HYG-01 交付 13541.2s > 期望 10800s
21:56:30 [WARNING]   [超出期望送达时间] 架次 T016：货箱 S001-HYG-01 交付 13013.3s > 期望 10800s
21:56:30 [WARNING]   [超出期望送达时间] 架次 T016：货箱 S008-WAT-02 交付 13689.7s > 期望 7200s
21:56:30 [WARNING]   [超出期望送达时间] 架次 T017：货箱 S006-HYG-01 交付 14987.4s > 期望 10800s
21:56:30 [WARNING]   [超出期望送达时间] 架次 T017：货箱 S003-WAT-04 交付 15729.0s > 期望 7200s
21:56:30 [WARNING]   [超出期望送达时间] 架次 T018：货箱 S004-WAT-02 交付 15598.9s > 期望 7200s
21:56:30 [WARNING]   [超出期望送达时间] 架次 T018：货箱 S004-WAT-03 交付 15598.9s > 期望 7200s
21:56:30 [WARNING]   [超出期望送达时间] 架次 T019：货箱 S003-WAT-02 交付 17560.4s > 期望 7200s
21:56:30 [WARNING]   [超出期望送达时间] 架次 T019：货箱 S003-WAT-03 交付 17560.4s > 期望 7200s
21:57:23 [INFO] 载入输入 ...
21:57:24 [INFO] 货箱 80 / 机型 ['A', 'B', 'C'] / 机队 {'A': ['U01', 'U02', 'U03', 'U04'], 'B': ['U05', 'U06'], 'C': ['U07', 'U08']} / 电池 {'A': 6, 'B': 4, 'C': 4}
21:57:24 [INFO] 求解完成：35 架次 / 83.01 kWh / makespan 35219 s / 首批违规 23 / 期望违规 49
21:57:24 [INFO] 独立校验：49 条违规
21:57:24 [WARNING]   [超出期望送达时间] 架次 T015：货箱 S007-HYG-01 交付 12680.3s > 期望 10800s
21:57:24 [WARNING]   [超出期望送达时间] 架次 T015：货箱 S002-HYG-01 交付 13541.2s > 期望 10800s
21:57:24 [WARNING]   [超出期望送达时间] 架次 T016：货箱 S001-HYG-01 交付 13013.3s > 期望 10800s
21:57:24 [WARNING]   [超出期望送达时间] 架次 T016：货箱 S008-WAT-02 交付 13689.7s > 期望 7200s
21:57:24 [WARNING]   [超出期望送达时间] 架次 T017：货箱 S006-HYG-01 交付 14987.4s > 期望 10800s
21:57:24 [WARNING]   [超出期望送达时间] 架次 T017：货箱 S003-WAT-04 交付 15729.0s > 期望 7200s
21:57:24 [WARNING]   [超出期望送达时间] 架次 T018：货箱 S004-WAT-02 交付 15598.9s > 期望 7200s
21:57:24 [WARNING]   [超出期望送达时间] 架次 T018：货箱 S004-WAT-03 交付 15598.9s > 期望 7200s
21:57:24 [WARNING]   [超出期望送达时间] 架次 T019：货箱 S003-WAT-02 交付 17560.4s > 期望 7200s
21:57:24 [WARNING]   [超出期望送达时间] 架次 T019：货箱 S003-WAT-03 交付 17560.4s > 期望 7200s
22:17:33 [INFO] 求解完成：22 架次 / 75.06 kWh / makespan 14537 s / 首批违规 16 / 期望违规 30
22:17:33 [INFO] 独立校验：124 条违规
22:17:33 [WARNING]   [超出能量预算] 架次 T001：重算能耗 10.0383 kWh > 预算 3.2000 kWh
22:17:33 [WARNING]   [返航SOC低于下限] 架次 T001：返航 SOC 0.0000 < 下限 0.2000
22:17:33 [WARNING]   [架次时长不足以完成任务] 架次 T001：服务区 S001 交付时刻 856.3s 早于最早可能 1638.1s（准备+装载+首段飞行都不够）
22:17:33 [WARNING]   [架次时长不足以完成任务] 架次 T001：服务区 S002 交付时刻 1433.1s 早于最早可能 1638.1s（准备+装载+首段飞行都不够）
22:17:33 [WARNING]   [架次时长不足以完成任务] 架次 T002：服务区 S010 交付时刻 1023.0s 早于最早可能 1281.0s（准备+装载+首段飞行都不够）
22:17:33 [WARNING]   [超出能量预算] 架次 T007：重算能耗 52.1264 kWh > 预算 6.4000 kWh
22:17:33 [WARNING]   [返航SOC低于下限] 架次 T007：返航 SOC 0.0000 < 下限 0.2000
22:17:33 [WARNING]   [架次时长不足以完成任务] 架次 T007：服务区 S001 交付时刻 970.5s 早于最早可能 2322.1s（准备+装载+首段飞行都不够）
22:17:33 [WARNING]   [架次时长不足以完成任务] 架次 T007：服务区 S005 交付时刻 1494.0s 早于最早可能 2322.1s（准备+装载+首段飞行都不够）
22:17:33 [WARNING]   [架次时长不足以完成任务] 架次 T007：服务区 S007 交付时刻 2225.8s 早于最早可能 2322.1s（准备+装载+首段飞行都不够）
23:10:20 [INFO] 载入输入 ...
23:10:20 [INFO] 货箱 80 / 机型 ['A', 'B', 'C'] / 机队 {'A': ['U01', 'U02', 'U03', 'U04'], 'B': ['U05', 'U06'], 'C': ['U07', 'U08']} / 电池 {'A': 6, 'B': 4, 'C': 4}
23:10:20 [INFO] 求解完成：35 架次 / 83.01 kWh / makespan 35219 s / 首批违规 23 / 期望违规 49
23:10:20 [INFO] 独立校验：49 条违规
23:10:20 [WARNING]   [超出期望送达时间] 架次 T015：货箱 S007-HYG-01 交付 12680.3s > 期望 10800s
23:10:20 [WARNING]   [超出期望送达时间] 架次 T015：货箱 S002-HYG-01 交付 13541.2s > 期望 10800s
23:10:20 [WARNING]   [超出期望送达时间] 架次 T016：货箱 S001-HYG-01 交付 13013.3s > 期望 10800s
23:10:20 [WARNING]   [超出期望送达时间] 架次 T016：货箱 S008-WAT-02 交付 13689.7s > 期望 7200s
23:10:20 [WARNING]   [超出期望送达时间] 架次 T017：货箱 S006-HYG-01 交付 14987.4s > 期望 10800s
23:10:20 [WARNING]   [超出期望送达时间] 架次 T017：货箱 S003-WAT-04 交付 15729.0s > 期望 7200s
23:10:20 [WARNING]   [超出期望送达时间] 架次 T018：货箱 S004-WAT-02 交付 15598.9s > 期望 7200s
23:10:20 [WARNING]   [超出期望送达时间] 架次 T018：货箱 S004-WAT-03 交付 15598.9s > 期望 7200s
23:10:20 [WARNING]   [超出期望送达时间] 架次 T019：货箱 S003-WAT-02 交付 17560.4s > 期望 7200s
23:10:20 [WARNING]   [超出期望送达时间] 架次 T019：货箱 S003-WAT-03 交付 17560.4s > 期望 7200s
00:28:09 [INFO] 载入输入 ...
00:28:09 [INFO] 货箱 80 / 机型 ['A', 'B', 'C'] / 机队 {'A': ['U01', 'U02', 'U03', 'U04'], 'B': ['U05', 'U06'], 'C': ['U07', 'U08']} / 电池 {'A': 6, 'B': 4, 'C': 4}
00:28:12 [INFO] 求解完成：16 架次 / 81.34 kWh / makespan 20610 s / 首批违规 13 / 期望违规 39
00:28:12 [INFO] 独立校验：39 条违规
00:28:12 [WARNING]   [超出期望送达时间] 架次 T007：货箱 S008-WAT-02 交付 7843.4s > 期望 7200s
00:28:12 [WARNING]   [超出期望送达时间] 架次 T008：货箱 S003-WAT-04 交付 8322.8s > 期望 7200s
00:28:12 [WARNING]   [超出期望送达时间] 架次 T009：货箱 S001-WAT-03 交付 9510.8s > 期望 3600s
00:28:12 [WARNING]   [超出期望送达时间] 架次 T010：货箱 S004-WAT-02 交付 10989.9s > 期望 7200s
00:28:12 [WARNING]   [超出期望送达时间] 架次 T010：货箱 S004-WAT-03 交付 10989.9s > 期望 7200s
00:28:12 [WARNING]   [超出期望送达时间] 架次 T010：货箱 S004-FOD-01 交付 10989.9s > 期望 10800s
00:28:12 [WARNING]   [超出期望送达时间] 架次 T010：货箱 S002-HYG-01 交付 11453.1s > 期望 10800s
00:28:12 [WARNING]   [超出期望送达时间] 架次 T011：货箱 S006-WAT-03 交付 12163.0s > 期望 3600s
00:28:12 [WARNING]   [超出期望送达时间] 架次 T011：货箱 S006-FOD-01 交付 12163.0s > 期望 7200s
00:28:12 [WARNING]   [超出期望送达时间] 架次 T011：货箱 S007-WAT-02 交付 12805.3s > 期望 3600s
00:28:12 [INFO] 硬约束闸门：通过（物理/资源类违规 0 条；时限类 39 条已按论文口径论证）
00:34:37 [INFO] 载入输入 ...
00:34:38 [INFO] 货箱 80 / 机型 ['A', 'B', 'C'] / 机队 {'A': ['U01', 'U02', 'U03', 'U04'], 'B': ['U05', 'U06'], 'C': ['U07', 'U08']} / 电池 {'A': 6, 'B': 4, 'C': 4}
00:34:40 [INFO] 求解完成：16 架次 / 81.34 kWh / makespan 20610 s / 首批违规 13 / 期望违规 39
00:34:40 [INFO] 独立校验：39 条违规
00:34:40 [WARNING]   [超出期望送达时间] 架次 T007：货箱 S008-WAT-02 交付 7843.4s > 期望 7200s
00:34:40 [WARNING]   [超出期望送达时间] 架次 T008：货箱 S003-WAT-04 交付 8322.8s > 期望 7200s
00:34:40 [WARNING]   [超出期望送达时间] 架次 T009：货箱 S001-WAT-03 交付 9510.8s > 期望 3600s
00:34:40 [WARNING]   [超出期望送达时间] 架次 T010：货箱 S004-WAT-02 交付 10989.9s > 期望 7200s
00:34:40 [WARNING]   [超出期望送达时间] 架次 T010：货箱 S004-WAT-03 交付 10989.9s > 期望 7200s
00:34:40 [WARNING]   [超出期望送达时间] 架次 T010：货箱 S004-FOD-01 交付 10989.9s > 期望 10800s
00:34:40 [WARNING]   [超出期望送达时间] 架次 T010：货箱 S002-HYG-01 交付 11453.1s > 期望 10800s
00:34:40 [WARNING]   [超出期望送达时间] 架次 T011：货箱 S006-WAT-03 交付 12163.0s > 期望 3600s
00:34:40 [WARNING]   [超出期望送达时间] 架次 T011：货箱 S006-FOD-01 交付 12163.0s > 期望 7200s
00:34:40 [WARNING]   [超出期望送达时间] 架次 T011：货箱 S007-WAT-02 交付 12805.3s > 期望 3600s
00:34:40 [INFO] 硬约束闸门：通过（物理/资源类违规 0 条；时限类 39 条已按论文口径论证）
01:11:27 [INFO] 载入输入 ...
01:11:27 [INFO] 货箱 80 / 机型 ['A', 'B', 'C'] / 机队 {'A': ['U01', 'U02', 'U03', 'U04'], 'B': ['U05', 'U06'], 'C': ['U07', 'U08']} / 电池 {'A': 6, 'B': 4, 'C': 4}
01:11:29 [INFO] 求解完成：13 架次 / 74.42 kWh / makespan 17762 s / 首批违规 16 / 期望违规 34
01:11:29 [INFO] 独立校验：34 条违规
01:11:29 [WARNING]   [超出期望送达时间] 架次 T008：货箱 S008-WAT-02 交付 10181.2s > 期望 7200s
01:11:29 [WARNING]   [超出期望送达时间] 架次 T009：货箱 S004-WAT-03 交付 10880.5s > 期望 7200s
01:11:29 [WARNING]   [首批保障箱超时] 架次 T009：首批箱 S008-MED-01 交付 11424.9s > 截止 7200s
01:11:29 [WARNING]   [首批保障箱超时] 架次 T009：首批箱 S008-WAT-01 交付 11424.9s > 截止 7200s
01:11:29 [WARNING]   [超出期望送达时间] 架次 T010：货箱 S001-FOD-03 交付 12016.6s > 期望 7200s
01:11:29 [WARNING]   [超出期望送达时间] 架次 T010：货箱 S001-HYG-01 交付 12016.6s > 期望 10800s
01:11:29 [WARNING]   [超出期望送达时间] 架次 T010：货箱 S001-WAT-05 交付 12016.6s > 期望 3600s
01:11:29 [WARNING]   [超出期望送达时间] 架次 T010：货箱 S001-WAT-04 交付 12016.6s > 期望 3600s
01:11:29 [WARNING]   [首批保障箱超时] 架次 T010：首批箱 S004-MED-01 交付 12812.5s > 截止 7200s
01:11:29 [WARNING]   [首批保障箱超时] 架次 T010：首批箱 S004-WAT-01 交付 12812.5s > 截止 7200s
01:11:29 [INFO] 硬约束闸门：通过（物理/资源类违规 0 条；时限类 34 条已按论文口径论证）
01:11:58 [INFO] 载入输入 ...
01:11:58 [INFO] 货箱 80 / 机型 ['A', 'B', 'C'] / 机队 {'A': ['U01', 'U02', 'U03', 'U04'], 'B': ['U05', 'U06'], 'C': ['U07', 'U08']} / 电池 {'A': 6, 'B': 4, 'C': 4}
01:12:00 [INFO] 求解完成：13 架次 / 74.42 kWh / makespan 17762 s / 首批违规 16 / 期望违规 34
01:12:00 [INFO] 独立校验：34 条违规
01:12:00 [WARNING]   [超出期望送达时间] 架次 T008：货箱 S008-WAT-02 交付 10181.2s > 期望 7200s
01:12:00 [WARNING]   [超出期望送达时间] 架次 T009：货箱 S004-WAT-03 交付 10880.5s > 期望 7200s
01:12:00 [WARNING]   [首批保障箱超时] 架次 T009：首批箱 S008-MED-01 交付 11424.9s > 截止 7200s
01:12:00 [WARNING]   [首批保障箱超时] 架次 T009：首批箱 S008-WAT-01 交付 11424.9s > 截止 7200s
01:12:00 [WARNING]   [超出期望送达时间] 架次 T010：货箱 S001-FOD-03 交付 12016.6s > 期望 7200s
01:12:00 [WARNING]   [超出期望送达时间] 架次 T010：货箱 S001-HYG-01 交付 12016.6s > 期望 10800s
01:12:00 [WARNING]   [超出期望送达时间] 架次 T010：货箱 S001-WAT-05 交付 12016.6s > 期望 3600s
01:12:00 [WARNING]   [超出期望送达时间] 架次 T010：货箱 S001-WAT-04 交付 12016.6s > 期望 3600s
01:12:00 [WARNING]   [首批保障箱超时] 架次 T010：首批箱 S004-MED-01 交付 12812.5s > 截止 7200s
01:12:00 [WARNING]   [首批保障箱超时] 架次 T010：首批箱 S004-WAT-01 交付 12812.5s > 截止 7200s
01:12:00 [INFO] 硬约束闸门：通过（物理/资源类违规 0 条；时限类 34 条已按论文口径论证）
01:12:34 [INFO] 载入输入 ...
01:12:34 [INFO] 货箱 80 / 机型 ['A', 'B', 'C'] / 机队 {'A': ['U01', 'U02', 'U03', 'U04'], 'B': ['U05', 'U06'], 'C': ['U07', 'U08']} / 电池 {'A': 6, 'B': 4, 'C': 4}
01:12:37 [INFO] 求解完成：14 架次 / 77.94 kWh / makespan 18662 s / 首批违规 17 / 期望违规 36
01:12:37 [INFO] 独立校验：36 条违规
01:12:37 [WARNING]   [超出期望送达时间] 架次 T007：货箱 S006-FOD-01 交付 7912.3s > 期望 7200s
01:12:37 [WARNING]   [超出期望送达时间] 架次 T008：货箱 S008-WAT-02 交付 9619.5s > 期望 7200s
01:12:37 [WARNING]   [超出期望送达时间] 架次 T009：货箱 S001-FOD-03 交付 11356.5s > 期望 7200s
01:12:37 [WARNING]   [超出期望送达时间] 架次 T009：货箱 S001-HYG-01 交付 11356.5s > 期望 10800s
01:12:37 [WARNING]   [超出期望送达时间] 架次 T009：货箱 S001-MED-02 交付 11356.5s > 期望 3600s
01:12:37 [WARNING]   [首批保障箱超时] 架次 T009：首批箱 S004-MED-01 交付 12188.4s > 截止 7200s
01:12:37 [WARNING]   [首批保障箱超时] 架次 T009：首批箱 S004-WAT-01 交付 12188.4s > 截止 7200s
01:12:37 [WARNING]   [超出期望送达时间] 架次 T009：货箱 S004-WAT-02 交付 12188.4s > 期望 7200s
01:12:37 [WARNING]   [超出期望送达时间] 架次 T009：货箱 S004-WAT-03 交付 12188.4s > 期望 7200s
01:12:37 [WARNING]   [首批保障箱超时] 架次 T010：首批箱 S002-MED-01 交付 11735.9s > 截止 3600s
01:12:37 [INFO] 硬约束闸门：通过（物理/资源类违规 0 条；时限类 36 条已按论文口径论证）
01:13:13 [INFO] 载入输入 ...
01:13:13 [INFO] 货箱 80 / 机型 ['A', 'B', 'C'] / 机队 {'A': ['U01', 'U02', 'U03', 'U04'], 'B': ['U05', 'U06'], 'C': ['U07', 'U08']} / 电池 {'A': 6, 'B': 4, 'C': 4}
01:13:16 [INFO] 求解完成：14 架次 / 77.94 kWh / makespan 18662 s / 首批违规 17 / 期望违规 36
01:13:16 [INFO] 独立校验：36 条违规
01:13:16 [WARNING]   [超出期望送达时间] 架次 T007：货箱 S006-FOD-01 交付 7912.3s > 期望 7200s
01:13:16 [WARNING]   [超出期望送达时间] 架次 T008：货箱 S008-WAT-02 交付 9619.5s > 期望 7200s
01:13:16 [WARNING]   [超出期望送达时间] 架次 T009：货箱 S001-FOD-03 交付 11356.5s > 期望 7200s
01:13:16 [WARNING]   [超出期望送达时间] 架次 T009：货箱 S001-HYG-01 交付 11356.5s > 期望 10800s
01:13:16 [WARNING]   [超出期望送达时间] 架次 T009：货箱 S001-MED-02 交付 11356.5s > 期望 3600s
01:13:16 [WARNING]   [首批保障箱超时] 架次 T009：首批箱 S004-MED-01 交付 12188.4s > 截止 7200s
01:13:16 [WARNING]   [首批保障箱超时] 架次 T009：首批箱 S004-WAT-01 交付 12188.4s > 截止 7200s
01:13:16 [WARNING]   [超出期望送达时间] 架次 T009：货箱 S004-WAT-02 交付 12188.4s > 期望 7200s
01:13:16 [WARNING]   [超出期望送达时间] 架次 T009：货箱 S004-WAT-03 交付 12188.4s > 期望 7200s
01:13:16 [WARNING]   [首批保障箱超时] 架次 T010：首批箱 S002-MED-01 交付 11735.9s > 截止 3600s
01:13:16 [INFO] 硬约束闸门：通过（物理/资源类违规 0 条；时限类 36 条已按论文口径论证）
01:39:06 [INFO] 载入输入 ...
01:39:06 [INFO] 货箱 80 / 机型 ['A', 'B', 'C'] / 机队 {'A': ['U01', 'U02', 'U03', 'U04'], 'B': ['U05', 'U06'], 'C': ['U07', 'U08']} / 电池 {'A': 6, 'B': 4, 'C': 4}
01:39:18 [INFO] 求解完成：28 架次 / 82.30 kWh / makespan 8409 s / 首批违规 5 / 期望违规 11
01:39:18 [INFO] 独立校验：12 条违规
01:39:18 [WARNING]   [首批保障箱超时] 架次 T023：首批箱 S012-WAT-01 交付 5878.4s > 截止 3600s
01:39:18 [WARNING]   [超出期望送达时间] 架次 T024：货箱 S001-WAT-06 交付 5655.7s > 期望 3600s
01:39:18 [WARNING]   [超出期望送达时间] 架次 T024：货箱 S001-WAT-07 交付 5655.7s > 期望 3600s
01:39:18 [WARNING]   [超出期望送达时间] 架次 T024：货箱 S001-WAT-02 交付 5655.7s > 期望 3600s
01:39:18 [WARNING]   [超出期望送达时间] 架次 T024：货箱 S002-WAT-03 交付 6291.5s > 期望 3600s
01:39:18 [WARNING]   [超出期望送达时间] 架次 T024：货箱 S002-WAT-04 交付 6291.5s > 期望 3600s
01:39:18 [WARNING]   [首批保障箱超时] 架次 T025：首批箱 S013-WAT-01 交付 5987.9s > 截止 3600s
01:39:18 [WARNING]   [首批保障箱超时] 架次 T025：首批箱 S012-MED-01 交付 6479.8s > 截止 3600s
01:39:18 [WARNING]   [超出期望送达时间] 架次 T028：货箱 S001-WAT-08 交付 6791.4s > 期望 3600s
01:39:18 [WARNING]   [首批保障箱超时] 架次 T028：首批箱 S002-WAT-01 交付 7789.9s > 截止 3600s
01:39:18 [INFO] 硬约束闸门：通过（物理/资源类违规 0 条；时限类 12 条已按论文口径论证）
01:42:48 [INFO] 载入输入 ...
01:42:49 [INFO] 货箱 80 / 机型 ['A', 'B', 'C'] / 机队 {'A': ['U01', 'U02', 'U03', 'U04'], 'B': ['U05', 'U06'], 'C': ['U07', 'U08']} / 电池 {'A': 6, 'B': 4, 'C': 4}
01:43:00 [INFO] 求解完成：28 架次 / 82.30 kWh / makespan 8819 s / 首批违规 0 / 期望违规 0
01:43:00 [INFO] 独立校验：通过
01:43:00 [INFO] 硬约束闸门：通过（物理/资源类违规 0 条；时限类 0 条已按论文口径论证）
01:43:55 [INFO] 载入输入 ...
01:43:55 [INFO] 货箱 80 / 机型 ['A', 'B', 'C'] / 机队 {'A': ['U01', 'U02', 'U03', 'U04'], 'B': ['U05', 'U06'], 'C': ['U07', 'U08']} / 电池 {'A': 6, 'B': 4, 'C': 4}
01:44:07 [INFO] 求解完成：28 架次 / 82.30 kWh / makespan 8819 s / 首批违规 0 / 期望违规 0
01:44:24 [INFO] 载入输入 ...
01:44:24 [INFO] 货箱 80 / 机型 ['A', 'B', 'C'] / 机队 {'A': ['U01', 'U02', 'U03', 'U04'], 'B': ['U05', 'U06'], 'C': ['U07', 'U08']} / 电池 {'A': 6, 'B': 4, 'C': 4}
01:44:36 [INFO] 求解完成：28 架次 / 82.30 kWh / makespan 8819 s / 首批违规 0 / 期望违规 0
01:44:36 [INFO] 独立校验：通过
01:44:36 [INFO] 硬约束闸门：通过（物理/资源类违规 0 条；时限类 0 条已按论文口径论证）
01:56:48 [INFO] 载入输入 ...
01:56:48 [INFO] 货箱 80 / 机型 ['A', 'B', 'C'] / 机队 {'A': ['U01', 'U02', 'U03', 'U04'], 'B': ['U05', 'U06'], 'C': ['U07', 'U08']} / 电池 {'A': 6, 'B': 4, 'C': 4}
01:56:59 [INFO] 求解完成：28 架次 / 82.30 kWh / makespan 8819 s / 首批违规 0 / 期望违规 0
01:56:59 [INFO] 独立校验：通过
01:56:59 [INFO] 硬约束闸门：通过（物理/资源类违规 0 条；时限类 0 条已按论文口径论证）
13:33:15 [INFO] 载入输入 ...
13:33:15 [INFO] 货箱 80 / 机型 ['A', 'B', 'C'] / 机队 {'A': ['U01', 'U02', 'U03', 'U04'], 'B': ['U05', 'U06'], 'C': ['U07', 'U08']} / 电池 {'A': 6, 'B': 4, 'C': 4}
13:33:18 [INFO] 求解完成：25 架次 / 77.30 kWh / makespan 10855 s / 首批违规 0 / 期望违规 0
13:33:18 [INFO] 独立校验：通过
13:33:18 [INFO] 硬约束闸门：通过（物理/资源类违规 0 条；时限类 0 条已按论文口径论证）
