16:53:17 [INFO] Q3 方案：运输 35 架次 / 中继 30 架次
16:53:17 [INFO] 库存：运输机 {'A': 4, 'B': 2, 'C': 2} / 电池 {'A': 6, 'B': 4, 'C': 4} / 中继 2 / 能源组件 6
16:53:17 [INFO] 原子单元 1 个；桥接架次 3 个
16:53:17 [INFO] 按题目规则直接分区：2 组可行=False，3 组可行=False
16:53:17 [INFO] K=2：需拆分 1 个多点架次为单点（+1 架次），枚举 4 个分区
16:53:17 [INFO] K=3：需拆分 2 个多点架次为单点（+2 架次），枚举 8 个分区
16:53:17 [INFO] 方案对比完成：3 个方案
16:53:30 [INFO] Q3 方案：运输 35 架次 / 中继 30 架次
16:53:30 [INFO] 库存：运输机 {'A': 4, 'B': 2, 'C': 2} / 电池 {'A': 6, 'B': 4, 'C': 4} / 中继 2 / 能源组件 6
16:53:30 [INFO] 原子单元 1 个；桥接架次 3 个
16:53:30 [INFO] 按题目规则直接分区：2 组可行=False，3 组可行=False
16:53:30 [INFO] K=2：需拆分 1 个多点架次为单点（+1 架次），枚举 4 个分区
16:53:30 [INFO] K=3：需拆分 2 个多点架次为单点（+2 架次），枚举 8 个分区
16:53:30 [INFO] 方案对比完成：3 个方案
16:54:37 [INFO] Q3 方案：运输 35 架次 / 中继 30 架次
16:54:37 [INFO] 库存：运输机 {'A': 4, 'B': 2, 'C': 2} / 电池 {'A': 6, 'B': 4, 'C': 4} / 中继 2 / 能源组件 6
16:54:37 [INFO] 原子单元 1 个；桥接架次 3 个
16:54:37 [INFO] 按题目规则直接分区：2 组可行=False，3 组可行=False
16:54:37 [INFO] K=2：需拆分 1 个多点架次为单点（+1 架次），枚举 1 个分区
16:54:37 [INFO] K=3：需拆分 2 个多点架次为单点（+2 架次），枚举 1 个分区
16:54:37 [INFO] 方案对比完成：3 个方案
23:26:49 [INFO] Q3 方案：运输 35 架次 / 中继 30 架次
23:26:49 [INFO] 库存：运输机 {'A': 4, 'B': 2, 'C': 2} / 电池 {'A': 6, 'B': 4, 'C': 4} / 中继 2 / 能源组件 6
23:26:49 [INFO] 原子单元 1 个；桥接架次 3 个
23:26:49 [INFO] 按题目规则直接分区：2 组可行=False，3 组可行=False
23:26:49 [INFO] K=2：需拆分 1 个多点架次为单点（+1 架次），枚举 1 个分区
23:26:49 [INFO] K=3：需拆分 2 个多点架次为单点（+2 架次），枚举 1 个分区
23:26:49 [INFO] 方案对比完成：3 个方案
00:33:06 [INFO] Q3 方案：运输 16 架次 / 中继 14 架次
00:33:06 [INFO] 库存：运输机 {'A': 4, 'B': 2, 'C': 2} / 电池 {'A': 6, 'B': 4, 'C': 4} / 中继 2 / 能源组件 6
00:33:06 [INFO] 原子单元 2 个；桥接架次 4 个
00:33:06 [INFO] 按题目规则直接分区：2 组可行=True，3 组可行=False
00:33:06 [INFO] K=2：枚举 1 个分区，选出资源总量 17
00:33:06 [INFO] K=3：需拆分 1 个多点架次为单点（+1 架次），枚举 1 个分区
00:33:06 [INFO] 方案对比完成：3 个方案
00:33:59 [INFO] Q3 方案：运输 16 架次 / 中继 14 架次
00:33:59 [INFO] 库存：运输机 {'A': 4, 'B': 2, 'C': 2} / 电池 {'A': 6, 'B': 4, 'C': 4} / 中继 2 / 能源组件 6
00:33:59 [INFO] 原子单元 2 个；桥接架次 4 个
00:33:59 [INFO] 按题目规则直接分区：2 组可行=True，3 组可行=False
00:33:59 [INFO] K=2：枚举 1 个分区，选出资源总量 17
00:33:59 [INFO] K=3：需拆分 1 个多点架次为单点（+1 架次），枚举 1 个分区
00:33:59 [INFO] 方案对比完成：3 个方案
00:34:13 [INFO] Q3 方案：运输 16 架次 / 中继 14 架次
00:34:13 [INFO] 库存：运输机 {'A': 4, 'B': 2, 'C': 2} / 电池 {'A': 6, 'B': 4, 'C': 4} / 中继 2 / 能源组件 6
00:34:13 [INFO] 原子单元 2 个；桥接架次 4 个
00:34:13 [INFO] 按题目规则直接分区：2 组可行=True，3 组可行=False
00:34:13 [INFO] K=2：枚举 1 个分区，选出资源总量 17
00:34:13 [INFO] K=3：需拆分 1 个多点架次为单点（+1 架次），枚举 1 个分区
00:34:13 [INFO] 方案对比完成：3 个方案
00:39:34 [INFO] Q3 方案：运输 16 架次 / 中继 14 架次
00:39:34 [INFO] 库存：运输机 {'A': 4, 'B': 2, 'C': 2} / 电池 {'A': 6, 'B': 4, 'C': 4} / 中继 2 / 能源组件 6
00:39:34 [INFO] 原子单元 2 个；桥接架次 4 个
00:39:34 [INFO] 按题目规则直接分区：2 组可行=True，3 组可行=False
00:39:34 [INFO] K=2：枚举 1 个分区，选出资源总量 17
00:39:34 [INFO] K=3：需拆分 1 个多点架次为单点（+1 架次），枚举 1 个分区
00:39:34 [INFO] 方案对比完成：3 个方案
01:18:26 [INFO] Q3 方案：运输 14 架次 / 中继 14 架次
01:18:26 [INFO] 库存：运输机 {'A': 4, 'B': 2, 'C': 2} / 电池 {'A': 6, 'B': 4, 'C': 4} / 中继 2 / 能源组件 6
01:18:26 [INFO] 原子单元 2 个；桥接架次 8 个
01:18:26 [INFO] 按题目规则直接分区：2 组可行=True，3 组可行=False
01:18:26 [INFO] K=2：枚举 1 个分区，选出资源总量 16
01:18:26 [INFO] K=3：需拆分 1 个多点架次为单点（+1 架次），枚举 25 个分区
01:18:26 [INFO] 方案对比完成：3 个方案
01:50:24 [INFO] Q3 方案：运输 28 架次 / 中继 24 架次
01:50:24 [INFO] 库存：运输机 {'A': 4, 'B': 2, 'C': 2} / 电池 {'A': 6, 'B': 4, 'C': 4} / 中继 2 / 能源组件 6
01:50:24 [INFO] 原子单元 5 个；桥接架次 6 个
01:50:24 [INFO] 按题目规则直接分区：2 组可行=True，3 组可行=True
01:50:24 [INFO] K=2：枚举 15 个分区，选出资源总量 33
01:50:24 [INFO] K=3：枚举 25 个分区，选出资源总量 36
01:50:24 [INFO] 方案对比完成：3 个方案
13:39:59 [INFO] Q3 方案：运输 25 架次 / 中继 20 架次
13:39:59 [INFO] 库存：运输机 {'A': 4, 'B': 2, 'C': 2} / 电池 {'A': 6, 'B': 4, 'C': 4} / 中继 2 / 能源组件 6
13:39:59 [INFO] 原子单元 3 个；桥接架次 6 个
13:39:59 [INFO] 按题目规则直接分区：2 组可行=True，3 组可行=True
13:39:59 [INFO] K=2：枚举 3 个分区，选出资源总量 34
13:39:59 [INFO] K=3：枚举 1 个分区，选出资源总量 37
13:39:59 [INFO] 方案对比完成：3 个方案
18:17:47 [INFO] Q3 方案：运输 25 架次 / 中继 6 架次
18:17:47 [INFO] 库存：运输机 {'A': 4, 'B': 2, 'C': 2} / 电池 {'A': 6, 'B': 4, 'C': 4} / 中继 2 / 能源组件 6
18:17:47 [INFO] 原子单元 3 个；桥接架次 6 个
18:17:47 [INFO] 按题目规则直接分区：2 组可行=True，3 组可行=True
18:17:47 [INFO] K=2：枚举 3 个分区，选出资源总量 34
18:17:47 [INFO] K=3：枚举 1 个分区，选出资源总量 38
18:17:47 [INFO] 方案对比完成：3 个方案
18:38:31 [INFO] Q3 方案：运输 25 架次 / 中继 6 架次
18:38:31 [INFO] 库存：运输机 {'A': 4, 'B': 2, 'C': 2} / 电池 {'A': 6, 'B': 4, 'C': 4} / 中继 2 / 能源组件 6
18:38:31 [INFO] 原子单元 3 个；桥接架次 6 个
18:38:31 [INFO] 按题目规则直接分区：2 组可行=True，3 组可行=True
18:38:31 [INFO] K=2：枚举 3 个分区，选出资源总量 34
18:38:31 [INFO] K=3：枚举 1 个分区，选出资源总量 38
18:38:31 [INFO] 方案对比完成：3 个方案
00:52:33 [INFO] Q3 方案：运输 23 架次 / 中继 3 架次
00:52:33 [INFO] 库存：运输机 {'A': 4, 'B': 2, 'C': 2} / 电池 {'A': 6, 'B': 4, 'C': 4} / 中继 2 / 能源组件 6
00:52:33 [INFO] 原子单元 15 个；桥接架次 0 个
00:52:33 [INFO] 按题目规则直接分区：2 组可行=True，3 组可行=True
00:52:33 [INFO] K=2：枚举 16383 个分区，选出资源总量 22
00:53:36 [INFO] K=3：枚举 200000 个分区，选出资源总量 23
00:53:36 [INFO] 方案对比完成：3 个方案
00:54:11 [INFO] Q3 方案：运输 23 架次 / 中继 3 架次
00:54:11 [INFO] 库存：运输机 {'A': 4, 'B': 2, 'C': 2} / 电池 {'A': 6, 'B': 4, 'C': 4} / 中继 2 / 能源组件 6
00:54:11 [INFO] 原子单元 15 个；桥接架次 0 个
00:54:11 [INFO] 按题目规则直接分区：2 组可行=True，3 组可行=True
00:54:12 [INFO] K=2：枚举 16383 个分区，选出资源总量 27
00:55:32 [INFO] K=3：枚举 200000 个分区，选出资源总量 29
00:55:32 [INFO] 方案对比完成：3 个方案
