21:19:36 [INFO] 载入输入 ...
21:19:37 [INFO] 服务区 15 个 / 货箱 80 个 / 机型 ['A', 'B', 'C'] / 航段缓存 240 条
21:19:37 [INFO] (1) 最大安全载荷表：45 行（15 服务区 × 3 机型）
21:19:37 [INFO] (2) 可行策略：['single_A', 'single_B', 'single_C', 'mixed_best_fit', 'mixed_largest_first']
21:19:37 [INFO] (3) Pareto 非支配解 2 个：['single_C', 'single_B']
21:19:37 [INFO] 选定方案 single_C：18 架次 / 75.071 kWh / 33729.5 s
21:19:37 [INFO] (4) ρ_g 敏感性扫描：21 个取值（0 → 0.50）
21:19:38 [INFO] 完成，用时 1.5 s；输出目录 C:\Users\28447\Desktop\数学建模\MathAgent\outputs\q1
21:20:17 [INFO] 载入输入 ...
21:20:18 [INFO] 服务区 15 个 / 货箱 80 个 / 机型 ['A', 'B', 'C'] / 航段缓存 240 条
21:20:18 [INFO] (1) 最大安全载荷表：45 行（15 服务区 × 3 机型）
21:20:18 [INFO] (2) 可行策略：['single_A', 'single_B', 'single_C', 'ffd_volume', 'ffd_mass', 'nf_as_given', 'mixed_best_fit', 'mixed_largest_first']
21:20:18 [INFO] (3) Pareto 非支配解 2 个：['single_C', 'single_B']
21:20:18 [INFO] 选定方案 single_C：18 架次 / 75.071 kWh / 33729.5 s
21:20:18 [INFO] (4) ρ_g 敏感性扫描：21 个取值（0 → 0.50）
21:20:19 [INFO] 完成，用时 1.5 s；输出目录 C:\Users\28447\Desktop\数学建模\MathAgent\outputs\q1
21:20:30 [INFO] 载入输入 ...
21:20:30 [INFO] 服务区 15 个 / 货箱 80 个 / 机型 ['A', 'B', 'C'] / 航段缓存 240 条
21:20:31 [INFO] (1) 最大安全载荷表：45 行（15 服务区 × 3 机型）
21:20:31 [INFO] (2) 可行策略：['single_A', 'single_B', 'single_C', 'ffd_volume', 'ffd_mass', 'nf_as_given', 'mixed_best_fit', 'mixed_largest_first']
21:20:31 [INFO] (3) Pareto 非支配解 2 个：['single_C', 'single_B']
21:20:31 [INFO] 选定方案 single_C：18 架次 / 75.071 kWh / 33729.5 s
21:20:31 [INFO] (4) ρ_g 敏感性扫描：21 个取值（0 → 0.50）
21:20:33 [INFO] 完成，用时 2.9 s；输出目录 C:\Users\28447\Desktop\数学建模\MathAgent\outputs\q1
21:20:46 [INFO] 载入输入 ...
21:20:46 [INFO] 服务区 15 个 / 货箱 80 个 / 机型 ['A', 'B', 'C'] / 航段缓存 240 条
21:20:46 [INFO] (1) 最大安全载荷表：45 行（15 服务区 × 3 机型）
21:20:46 [INFO] (2) 可行策略：['single_A', 'single_B', 'single_C', 'ffd_volume', 'ffd_mass', 'nf_as_given', 'mixed_best_fit', 'mixed_largest_first']
21:20:46 [INFO] (3) Pareto 非支配解 2 个：['single_C', 'single_B']
21:20:46 [INFO] 选定方案 single_C：18 架次 / 75.071 kWh / 33729.5 s
21:20:46 [INFO] (4) ρ_g 敏感性扫描：21 个取值（0 → 0.50）
21:20:53 [INFO] 完成，用时 7.0 s；输出目录 C:\Users\28447\Desktop\数学建模\MathAgent\outputs\q1
21:21:32 [INFO] 载入输入 ...
21:21:32 [INFO] 服务区 15 个 / 货箱 80 个 / 机型 ['A', 'B', 'C'] / 航段缓存 240 条
21:21:32 [INFO] (1) 最大安全载荷表：45 行（15 服务区 × 3 机型）
21:21:32 [INFO] (2) 可行策略：['single_A', 'single_B', 'single_C', 'ffd_volume', 'ffd_mass', 'nf_as_given', 'mixed_best_fit', 'mixed_largest_first']
21:21:32 [INFO] (3) Pareto 非支配解 2 个：['single_C', 'single_B']
21:21:32 [INFO] 选定方案 single_C：18 架次 / 75.071 kWh / 33729.5 s
21:21:32 [INFO] (4) ρ_g 敏感性扫描：21 个取值（0 → 0.50）
21:21:41 [INFO] 完成，用时 8.6 s；输出目录 C:\Users\28447\Desktop\数学建模\MathAgent\outputs\q1
