17:31:07 [INFO] 载入全部结果 ...
17:31:08 [INFO] 生成公共图 ...
17:31:08 [INFO] 图 f01_roadmap  全文技术路线图
17:31:10 [INFO] 图 f02_terrain_nodes  研究区 30 m DEM 与任务节点分布
17:31:11 [INFO] 图 f03_box_stats  货箱质量/体积/时限统计
17:31:20 [INFO] 载入全部结果 ...
17:31:20 [INFO] 生成公共图 ...
17:31:20 [INFO] 图 f01_roadmap  全文技术路线图
17:31:21 [INFO] 图 f02_terrain_nodes  研究区 30 m DEM 与任务节点分布
17:31:21 [INFO] 图 f03_box_stats  货箱质量/体积/时限统计
17:31:21 [INFO] 表 t_box_by_type  分类物资总量统计
17:31:21 [INFO] 表 t_box_by_service  各服务区物资需求
17:31:21 [INFO] 生成问题一图 ...
17:31:21 [INFO] 图 f04_q1_payload  最大安全载荷热力图与生效约束
17:31:21 [INFO] 表 t_q1_payload  3 机型 × 15 服务区最大安全载荷
17:31:22 [INFO] 图 f05_q1_groups  货箱组批方案构成
17:31:22 [INFO] 表 t_q1_groups  货箱组批方案明细（交付模板列序）
17:31:22 [INFO] 图 f06_q1_strategy  策略对比与 Pareto 前沿
17:31:22 [INFO] 表 t_q1_strategy  各策略多目标对比
17:31:22 [INFO] 表 t_q1_lowerbound  逐服务区架次数下界与差距
17:31:23 [INFO] 图 f07_q1_rho  返航安全余量敏感性分析
17:31:23 [INFO] 表 t_q1_rho_sweep  ρ_g 扫描汇总
17:31:23 [INFO] 生成问题二图 ...
17:31:24 [INFO] 图 f08_q2_gantt  运输调度甘特图
17:31:24 [INFO] 表 t_q2_sorties  问题二运输架次明细（交付模板列序）
17:31:25 [INFO] 图 f09_q2_timeliness  物资时限达成分析
17:31:25 [INFO] 表 t_q2_timeliness  逐箱时限达成明细
17:31:26 [INFO] 图 f10_q2_resources  资源使用情况
17:31:26 [INFO] 表 t_q2_uav_use  实体无人机使用统计
17:31:26 [INFO] 表 t_q2_battery_use  共享电池周转明细
17:31:26 [INFO] 表 t_q2_battery_count  共享电池使用次数
17:31:26 [INFO] 生成问题三图 ...
17:31:27 [INFO] 图 f11_q3_diagnosis  连续通信诊断
17:31:27 [INFO] 表 t_q3_diagnosis  逐架次直连状态诊断
17:31:28 [INFO] 图 f12_q3_relay_map  中继悬停点与保障关系
17:31:28 [INFO] 表 t_q3_relay_sorties  中继架次明细（交付模板列序）
17:31:28 [INFO] 表 t_q3_siting  逐架次选址结果
17:31:29 [INFO] 图 f13_q3_coverage  中继选址特征
17:31:29 [INFO] 表 t_q3_summary  中继保障汇总
17:31:29 [INFO] 图 f14_q3_joint_gantt  运输与中继联合调度时间线
17:31:29 [INFO] 生成问题四图 ...
17:31:32 [INFO] 图 f15_q4_graph  原子单元连通分量分析
17:31:32 [INFO] 表 t_q4_bridge  桥接架次清单
17:31:32 [INFO] 表 t_q4_units  原子单元（连通分量）
17:31:32 [INFO] 图 f16_q4_compare  分区方案多指标对比
17:31:32 [INFO] 表 t_q4_compare  分区方案对比
17:31:32 [INFO] 表 t_q4_gap  逐方案逐类资源缺口
17:31:33 [INFO] 图 f17_q4_detail  逐组资源配置与工作量
17:31:33 [INFO] 表 t_q4_group  逐组资源与工作量明细
17:31:33 [INFO] 表 t_all_metrics  四问关键指标汇总
17:31:33 [INFO] 完成：图 17 个 / 表 22 个
17:31:33 [INFO] 图表目录：paper
17:32:18 [INFO] 生成补充图 ...
17:32:18 [INFO] 图 f18_physics_calculator  统一物理计算器的公式与耦合关系
17:32:18 [INFO] 图 f19_link_budget  通信链路预算与门限分析
17:32:18 [INFO] 表 t_link_thresholds  三条链路的门限与可达距离
17:32:21 [INFO] 图 f20_flight_profile  飞行剖面与能耗构成
17:32:22 [INFO] 图 f21_verifier  独立可行性校验器架构与结果
17:32:24 [INFO] 图 f22_sensitivity  四类敏感性分析
17:32:24 [INFO] 表 t_sensitivity  敏感性分析汇总
17:32:24 [INFO] 图 f23_model_params  机型与中继参数一览
17:32:24 [INFO] 表 t_uav_params  三种运输机型参数
17:32:24 [INFO] 表 t_relay_params  中继无人机参数
17:32:24 [INFO] 表 t_battery_inventory  共享电池库存
17:32:25 [INFO] 图 f24_nodes  节点坐标与海拔分布
17:32:25 [INFO] 表 t_nodes  调度中心与服务区坐标及海拔
17:32:25 [INFO] 表 t_leg_cache_sample  航段缓存样例（前 300 条有序航段）
17:32:25 [INFO] 表 t_uav_fleet  逐架实体无人机清单
17:32:25 [INFO] 表 t_relay_fleet  中继无人机参数
17:32:25 [INFO] 按问题分目录备份 ...
17:32:25 [INFO]   总体分析：图 10 / 表 13 / 数据 10
17:32:25 [INFO]   问题一：图 4 / 表 5 / 数据 11
17:32:25 [INFO]   问题二：图 3 / 表 5 / 数据 9
17:32:25 [INFO]   问题三：图 4 / 表 4 / 数据 9
17:32:25 [INFO]   问题四：图 3 / 表 5 / 数据 9
21:17:02 [INFO] 载入全部结果 ...
21:17:02 [INFO] 生成公共图 ...
21:17:02 [INFO] 图 f01_roadmap  全文技术路线图
21:17:03 [INFO] 图 f02_terrain_nodes  研究区 30 m DEM 与任务节点分布
21:17:03 [INFO] 图 f03_box_stats  货箱质量/体积/时限统计
21:17:03 [INFO] 表 t_box_by_type  分类物资总量统计
21:17:03 [INFO] 表 t_box_by_service  各服务区物资需求
21:17:03 [INFO] 生成问题一图 ...
21:17:04 [INFO] 图 f04_q1_payload  最大安全载荷热力图与生效约束
21:17:04 [INFO] 表 t_q1_payload  3 机型 × 15 服务区最大安全载荷
21:17:04 [INFO] 图 f05_q1_groups  货箱组批方案构成
21:17:04 [INFO] 表 t_q1_groups  货箱组批方案明细（交付模板列序）
21:17:04 [INFO] 图 f06_q1_strategy  策略对比与 Pareto 前沿
21:17:04 [INFO] 表 t_q1_strategy  各策略多目标对比
21:17:04 [INFO] 表 t_q1_lowerbound  逐服务区架次数下界与差距
21:17:05 [INFO] 图 f07_q1_rho  返航安全余量敏感性分析
21:17:05 [INFO] 表 t_q1_rho_sweep  ρ_g 扫描汇总
21:17:05 [INFO] 生成问题二图 ...
21:17:05 [INFO] 图 f08_q2_gantt  运输调度甘特图
21:17:05 [INFO] 表 t_q2_sorties  问题二运输架次明细（交付模板列序）
21:17:06 [INFO] 图 f09_q2_timeliness  物资时限达成分析
21:17:06 [INFO] 表 t_q2_timeliness  逐箱时限达成明细
21:17:06 [INFO] 图 f10_q2_resources  资源使用情况
21:17:06 [INFO] 表 t_q2_uav_use  实体无人机使用统计
21:17:06 [INFO] 表 t_q2_battery_use  共享电池周转明细
21:17:06 [INFO] 表 t_q2_battery_count  共享电池使用次数
21:17:06 [INFO] 生成问题三图 ...
21:17:08 [INFO] 图 f11_q3_diagnosis  连续通信诊断
21:17:08 [INFO] 表 t_q3_diagnosis  逐架次直连状态诊断
21:17:08 [INFO] 图 f12_q3_relay_map  中继悬停点与保障关系
21:17:08 [INFO] 表 t_q3_relay_sorties  中继架次明细（交付模板列序）
21:17:08 [INFO] 表 t_q3_siting  逐架次选址结果
21:17:09 [INFO] 图 f13_q3_coverage  中继选址特征
21:17:09 [INFO] 表 t_q3_summary  中继保障汇总
21:17:09 [INFO] 图 f14_q3_joint_gantt  运输与中继联合调度时间线
21:17:09 [INFO] 生成问题四图 ...
21:17:10 [INFO] 图 f15_q4_graph  原子单元连通分量分析
21:17:10 [INFO] 表 t_q4_bridge  桥接架次清单
21:17:10 [INFO] 表 t_q4_units  原子单元（连通分量）
21:17:11 [INFO] 图 f16_q4_compare  分区方案多指标对比
21:17:11 [INFO] 表 t_q4_compare  分区方案对比
21:17:11 [INFO] 表 t_q4_gap  逐方案逐类资源缺口
21:17:11 [INFO] 图 f17_q4_detail  逐组资源配置与工作量
21:17:11 [INFO] 表 t_q4_group  逐组资源与工作量明细
21:17:11 [INFO] 表 t_all_metrics  四问关键指标汇总
21:17:11 [INFO] 完成：图 17 个 / 表 22 个
21:17:11 [INFO] 图表目录：paper
21:17:15 [INFO] 生成补充图 ...
21:17:15 [INFO] 图 f18_physics_calculator  统一物理计算器的公式与耦合关系
21:17:16 [INFO] 图 f19_link_budget  通信链路预算与门限分析
21:17:16 [INFO] 表 t_link_thresholds  三条链路的门限与可达距离
21:17:16 [INFO] 图 f20_flight_profile  飞行剖面与能耗构成
21:17:16 [INFO] 图 f21_verifier  独立可行性校验器架构与结果
21:17:17 [INFO] 图 f22_sensitivity  四类敏感性分析
21:17:17 [INFO] 表 t_sensitivity  敏感性分析汇总
21:17:17 [INFO] 图 f23_model_params  机型与中继参数一览
21:17:17 [INFO] 表 t_uav_params  三种运输机型参数
21:17:17 [INFO] 表 t_relay_params  中继无人机参数
21:17:17 [INFO] 表 t_battery_inventory  共享电池库存
21:17:17 [INFO] 图 f24_nodes  节点坐标与海拔分布
21:17:17 [INFO] 表 t_nodes  调度中心与服务区坐标及海拔
21:17:17 [INFO] 表 t_leg_cache_sample  航段缓存样例（前 300 条有序航段）
21:17:17 [INFO] 表 t_uav_fleet  逐架实体无人机清单
21:17:17 [INFO] 表 t_relay_fleet  中继无人机参数
21:17:17 [INFO] 按问题分目录备份 ...
21:17:17 [INFO]   总体分析：图 10 / 表 13 / 数据 10
21:17:17 [INFO]   问题一：图 4 / 表 5 / 数据 11
21:17:17 [INFO]   问题二：图 3 / 表 5 / 数据 9
21:17:17 [INFO]   问题三：图 4 / 表 4 / 数据 9
21:17:17 [INFO]   问题四：图 3 / 表 5 / 数据 9
23:27:00 [INFO] 载入全部结果 ...
23:27:00 [INFO] 生成公共图 ...
23:27:01 [INFO] 图 f01_roadmap  全文技术路线图
23:27:01 [INFO] 图 f02_terrain_nodes  研究区 30 m DEM 与任务节点分布
23:27:02 [INFO] 图 f03_box_stats  货箱质量/体积/时限统计
23:27:02 [INFO] 表 t_box_by_type  分类物资总量统计
23:27:02 [INFO] 表 t_box_by_service  各服务区物资需求
23:27:02 [INFO] 生成问题一图 ...
23:27:02 [INFO] 图 f04_q1_payload  最大安全载荷热力图与生效约束
23:27:02 [INFO] 表 t_q1_payload  3 机型 × 15 服务区最大安全载荷
23:27:02 [INFO] 图 f05_q1_groups  货箱组批方案构成
23:27:02 [INFO] 表 t_q1_groups  货箱组批方案明细（交付模板列序）
23:27:02 [INFO] 图 f06_q1_strategy  策略对比与 Pareto 前沿
23:27:02 [INFO] 表 t_q1_strategy  各策略多目标对比
23:27:02 [INFO] 表 t_q1_lowerbound  逐服务区架次数下界与差距
23:27:03 [INFO] 图 f07_q1_rho  返航安全余量敏感性分析
23:27:03 [INFO] 表 t_q1_rho_sweep  ρ_g 扫描汇总
23:27:03 [INFO] 生成问题二图 ...
23:27:04 [INFO] 图 f08_q2_gantt  运输调度甘特图
23:27:04 [INFO] 表 t_q2_sorties  问题二运输架次明细（交付模板列序）
23:27:05 [INFO] 图 f09_q2_timeliness  物资时限达成分析
23:27:05 [INFO] 表 t_q2_timeliness  逐箱时限达成明细
23:27:05 [INFO] 图 f10_q2_resources  资源使用情况
23:27:05 [INFO] 表 t_q2_uav_use  实体无人机使用统计
23:27:05 [INFO] 表 t_q2_battery_use  共享电池周转明细
23:27:05 [INFO] 表 t_q2_battery_count  共享电池使用次数
23:27:05 [INFO] 生成问题三图 ...
23:27:07 [INFO] 图 f11_q3_diagnosis  连续通信诊断
23:27:07 [INFO] 表 t_q3_diagnosis  逐架次直连状态诊断
23:27:07 [INFO] 图 f12_q3_relay_map  中继悬停点与保障关系
23:27:07 [INFO] 表 t_q3_relay_sorties  中继架次明细（交付模板列序）
23:27:07 [INFO] 表 t_q3_siting  逐架次选址结果
23:27:08 [INFO] 图 f13_q3_coverage  中继选址特征
23:27:08 [INFO] 表 t_q3_summary  中继保障汇总
23:27:09 [INFO] 图 f14_q3_joint_gantt  运输与中继联合调度时间线
23:27:09 [INFO] 生成问题四图 ...
23:27:09 [INFO] 图 f15_q4_graph  原子单元连通分量分析
23:27:09 [INFO] 表 t_q4_bridge  桥接架次清单
23:27:09 [INFO] 表 t_q4_units  原子单元（连通分量）
23:27:10 [INFO] 图 f16_q4_compare  分区方案多指标对比
23:27:10 [INFO] 表 t_q4_compare  分区方案对比
23:27:10 [INFO] 表 t_q4_gap  逐方案逐类资源缺口
23:27:11 [INFO] 图 f17_q4_detail  逐组资源配置与工作量
23:27:11 [INFO] 表 t_q4_group  逐组资源与工作量明细
23:27:11 [INFO] 表 t_all_metrics  四问关键指标汇总
23:27:11 [INFO] 完成：图 17 个 / 表 22 个
23:27:11 [INFO] 图表目录：paper
23:27:12 [INFO] 生成补充图 ...
23:27:12 [INFO] 图 f18_physics_calculator  统一物理计算器的公式与耦合关系
23:27:12 [INFO] 图 f19_link_budget  通信链路预算与门限分析
23:27:12 [INFO] 表 t_link_thresholds  三条链路的门限与可达距离
23:27:13 [INFO] 图 f20_flight_profile  飞行剖面与能耗构成
23:27:13 [INFO] 图 f21_verifier  独立可行性校验器架构与结果
23:27:13 [INFO] 图 f22_sensitivity  四类敏感性分析
23:27:13 [INFO] 表 t_sensitivity  敏感性分析汇总
23:27:14 [INFO] 图 f23_model_params  机型与中继参数一览
23:27:14 [INFO] 表 t_uav_params  三种运输机型参数
23:27:14 [INFO] 表 t_relay_params  中继无人机参数
23:27:14 [INFO] 表 t_battery_inventory  共享电池库存
23:27:14 [INFO] 图 f24_nodes  节点坐标与海拔分布
23:27:14 [INFO] 表 t_nodes  调度中心与服务区坐标及海拔
23:27:14 [INFO] 表 t_leg_cache_sample  航段缓存样例（前 300 条有序航段）
23:27:14 [INFO] 表 t_uav_fleet  逐架实体无人机清单
23:27:14 [INFO] 表 t_relay_fleet  中继无人机参数
23:27:14 [INFO] 按问题分目录备份 ...
23:27:14 [INFO]   总体分析：图 10 / 表 13 / 数据 10
23:27:14 [INFO]   问题一：图 4 / 表 5 / 数据 11
23:27:14 [INFO]   问题二：图 3 / 表 5 / 数据 9
23:27:14 [INFO]   问题三：图 4 / 表 4 / 数据 9
23:27:14 [INFO]   问题四：图 3 / 表 5 / 数据 9
00:40:30 [INFO] 载入全部结果 ...
00:40:30 [INFO] 生成公共图 ...
00:40:30 [INFO] 图 f01_roadmap  全文技术路线图
00:40:31 [INFO] 图 f02_terrain_nodes  研究区 30 m DEM 与任务节点分布
00:40:31 [INFO] 图 f03_box_stats  货箱质量/体积/时限统计
00:40:31 [INFO] 表 t_box_by_type  分类物资总量统计
00:40:31 [INFO] 表 t_box_by_service  各服务区物资需求
00:40:31 [INFO] 生成问题一图 ...
00:40:32 [INFO] 图 f04_q1_payload  最大安全载荷热力图与生效约束
00:40:32 [INFO] 表 t_q1_payload  3 机型 × 15 服务区最大安全载荷
00:40:32 [INFO] 图 f05_q1_groups  货箱组批方案构成
00:40:32 [INFO] 表 t_q1_groups  货箱组批方案明细（交付模板列序）
00:40:32 [INFO] 图 f06_q1_strategy  策略对比与 Pareto 前沿
00:40:32 [INFO] 表 t_q1_strategy  各策略多目标对比
00:40:32 [INFO] 表 t_q1_lowerbound  逐服务区架次数下界与差距
00:40:33 [INFO] 图 f07_q1_rho  返航安全余量敏感性分析
00:40:33 [INFO] 表 t_q1_rho_sweep  ρ_g 扫描汇总
00:40:33 [INFO] 生成问题二图 ...
00:40:33 [INFO] 图 f08_q2_gantt  运输调度甘特图
00:40:33 [INFO] 表 t_q2_sorties  问题二运输架次明细（交付模板列序）
00:40:34 [INFO] 图 f09_q2_timeliness  物资时限达成分析
00:40:34 [INFO] 表 t_q2_timeliness  逐箱时限达成明细
00:40:34 [INFO] 图 f10_q2_resources  资源使用情况
00:40:34 [INFO] 表 t_q2_uav_use  实体无人机使用统计
00:40:34 [INFO] 表 t_q2_battery_use  共享电池周转明细
00:40:34 [INFO] 表 t_q2_battery_count  共享电池使用次数
00:40:34 [INFO] 生成问题三图 ...
00:40:35 [INFO] 图 f11_q3_diagnosis  连续通信诊断
00:40:35 [INFO] 表 t_q3_diagnosis  逐架次直连状态诊断
00:40:35 [INFO] 图 f12_q3_relay_map  中继悬停点与保障关系
00:40:35 [INFO] 表 t_q3_relay_sorties  中继架次明细（交付模板列序）
00:40:35 [INFO] 表 t_q3_siting  逐架次选址结果
00:40:36 [INFO] 图 f13_q3_coverage  中继选址特征
00:40:36 [INFO] 表 t_q3_summary  中继保障汇总
00:40:36 [INFO] 图 f14_q3_joint_gantt  运输与中继联合调度时间线
00:40:36 [INFO] 生成问题四图 ...
00:40:37 [INFO] 图 f15_q4_graph  原子单元连通分量分析
00:40:37 [INFO] 表 t_q4_bridge  桥接架次清单
00:40:37 [INFO] 表 t_q4_units  原子单元（连通分量）
00:40:37 [INFO] 图 f16_q4_compare  分区方案多指标对比
00:40:37 [INFO] 表 t_q4_compare  分区方案对比
00:40:37 [INFO] 表 t_q4_gap  逐方案逐类资源缺口
00:40:38 [INFO] 图 f17_q4_detail  逐组资源配置与工作量
00:40:38 [INFO] 表 t_q4_group  逐组资源与工作量明细
00:40:38 [INFO] 表 t_all_metrics  四问关键指标汇总
00:40:38 [INFO] 完成：图 17 个 / 表 22 个
00:40:38 [INFO] 图表目录：paper
00:40:39 [INFO] 生成补充图 ...
00:40:39 [INFO] 图 f18_physics_calculator  统一物理计算器的公式与耦合关系
00:40:39 [INFO] 图 f19_link_budget  通信链路预算与门限分析
00:40:39 [INFO] 表 t_link_thresholds  三条链路的门限与可达距离
00:40:40 [INFO] 图 f20_flight_profile  飞行剖面与能耗构成
00:40:40 [INFO] 图 f21_verifier  独立可行性校验器架构与结果
00:40:41 [INFO] 图 f22_sensitivity  四类敏感性分析
00:40:41 [INFO] 表 t_sensitivity  敏感性分析汇总
00:40:41 [INFO] 图 f23_model_params  机型与中继参数一览
00:40:41 [INFO] 表 t_uav_params  三种运输机型参数
00:40:41 [INFO] 表 t_relay_params  中继无人机参数
00:40:41 [INFO] 表 t_battery_inventory  共享电池库存
00:40:41 [INFO] 图 f24_nodes  节点坐标与海拔分布
00:40:41 [INFO] 表 t_nodes  调度中心与服务区坐标及海拔
00:40:41 [INFO] 表 t_leg_cache_sample  航段缓存样例（前 300 条有序航段）
00:40:41 [INFO] 表 t_uav_fleet  逐架实体无人机清单
00:40:41 [INFO] 表 t_relay_fleet  中继无人机参数
00:40:41 [INFO] 按问题分目录备份 ...
00:40:41 [INFO]   总体分析：图 10 / 表 13 / 数据 10
00:40:41 [INFO]   问题一：图 4 / 表 5 / 数据 11
00:40:41 [INFO]   问题二：图 3 / 表 5 / 数据 9
00:40:41 [INFO]   问题三：图 4 / 表 4 / 数据 9
00:40:41 [INFO]   问题四：图 3 / 表 5 / 数据 9
01:18:36 [INFO] 载入全部结果 ...
01:18:36 [INFO] 生成公共图 ...
01:18:36 [INFO] 图 f01_roadmap  全文技术路线图
01:18:37 [INFO] 图 f02_terrain_nodes  研究区 30 m DEM 与任务节点分布
01:18:37 [INFO] 图 f03_box_stats  货箱质量/体积/时限统计
01:18:37 [INFO] 表 t_box_by_type  分类物资总量统计
01:18:37 [INFO] 表 t_box_by_service  各服务区物资需求
01:18:37 [INFO] 生成问题一图 ...
01:18:37 [INFO] 图 f04_q1_payload  最大安全载荷热力图与生效约束
01:18:37 [INFO] 表 t_q1_payload  3 机型 × 15 服务区最大安全载荷
01:18:38 [INFO] 图 f05_q1_groups  货箱组批方案构成
01:18:38 [INFO] 表 t_q1_groups  货箱组批方案明细（交付模板列序）
01:18:38 [INFO] 图 f06_q1_strategy  策略对比与 Pareto 前沿
01:18:38 [INFO] 表 t_q1_strategy  各策略多目标对比
01:18:38 [INFO] 表 t_q1_lowerbound  逐服务区架次数下界与差距
01:18:39 [INFO] 图 f07_q1_rho  返航安全余量敏感性分析
01:18:39 [INFO] 表 t_q1_rho_sweep  ρ_g 扫描汇总
01:18:39 [INFO] 生成问题二图 ...
01:18:39 [INFO] 图 f08_q2_gantt  运输调度甘特图
01:18:39 [INFO] 表 t_q2_sorties  问题二运输架次明细（交付模板列序）
01:18:40 [INFO] 图 f09_q2_timeliness  物资时限达成分析
01:18:40 [INFO] 表 t_q2_timeliness  逐箱时限达成明细
01:18:41 [INFO] 图 f10_q2_resources  资源使用情况
01:18:41 [INFO] 表 t_q2_uav_use  实体无人机使用统计
01:18:41 [INFO] 表 t_q2_battery_use  共享电池周转明细
01:18:41 [INFO] 表 t_q2_battery_count  共享电池使用次数
01:18:41 [INFO] 生成问题三图 ...
01:18:42 [INFO] 图 f11_q3_diagnosis  连续通信诊断
01:18:42 [INFO] 表 t_q3_diagnosis  逐架次直连状态诊断
01:18:42 [INFO] 图 f12_q3_relay_map  中继悬停点与保障关系
01:18:42 [INFO] 表 t_q3_relay_sorties  中继架次明细（交付模板列序）
01:18:42 [INFO] 表 t_q3_siting  逐架次选址结果
01:18:43 [INFO] 图 f13_q3_coverage  中继选址特征
01:18:43 [INFO] 表 t_q3_summary  中继保障汇总
01:18:43 [INFO] 图 f14_q3_joint_gantt  运输与中继联合调度时间线
01:18:43 [INFO] 生成问题四图 ...
01:18:44 [INFO] 图 f15_q4_graph  原子单元连通分量分析
01:18:44 [INFO] 表 t_q4_bridge  桥接架次清单
01:18:44 [INFO] 表 t_q4_units  原子单元（连通分量）
01:18:45 [INFO] 图 f16_q4_compare  分区方案多指标对比
01:18:45 [INFO] 表 t_q4_compare  分区方案对比
01:18:45 [INFO] 表 t_q4_gap  逐方案逐类资源缺口
01:18:45 [INFO] 图 f17_q4_detail  逐组资源配置与工作量
01:18:45 [INFO] 表 t_q4_group  逐组资源与工作量明细
01:18:45 [INFO] 表 t_all_metrics  四问关键指标汇总
01:18:45 [INFO] 完成：图 17 个 / 表 22 个
01:18:45 [INFO] 图表目录：paper
01:18:46 [INFO] 生成补充图 ...
01:18:46 [INFO] 图 f18_physics_calculator  统一物理计算器的公式与耦合关系
01:18:47 [INFO] 图 f19_link_budget  通信链路预算与门限分析
01:18:47 [INFO] 表 t_link_thresholds  三条链路的门限与可达距离
01:18:47 [INFO] 图 f20_flight_profile  飞行剖面与能耗构成
01:18:47 [INFO] 图 f21_verifier  独立可行性校验器架构与结果
01:18:48 [INFO] 图 f22_sensitivity  四类敏感性分析
01:18:48 [INFO] 表 t_sensitivity  敏感性分析汇总
01:18:48 [INFO] 图 f23_model_params  机型与中继参数一览
01:18:48 [INFO] 表 t_uav_params  三种运输机型参数
01:18:48 [INFO] 表 t_relay_params  中继无人机参数
01:18:48 [INFO] 表 t_battery_inventory  共享电池库存
01:18:48 [INFO] 图 f24_nodes  节点坐标与海拔分布
01:18:48 [INFO] 表 t_nodes  调度中心与服务区坐标及海拔
01:18:48 [INFO] 表 t_leg_cache_sample  航段缓存样例（前 300 条有序航段）
01:18:48 [INFO] 表 t_uav_fleet  逐架实体无人机清单
01:18:48 [INFO] 表 t_relay_fleet  中继无人机参数
01:18:48 [INFO] 按问题分目录备份 ...
01:18:48 [INFO]   总体分析：图 10 / 表 13 / 数据 10
01:18:48 [INFO]   问题一：图 4 / 表 5 / 数据 11
01:18:48 [INFO]   问题二：图 3 / 表 5 / 数据 9
01:18:48 [INFO]   问题三：图 4 / 表 4 / 数据 9
01:18:48 [INFO]   问题四：图 3 / 表 5 / 数据 9
01:50:32 [INFO] 载入全部结果 ...
01:50:32 [INFO] 生成公共图 ...
01:50:32 [INFO] 图 f01_roadmap  全文技术路线图
01:50:33 [INFO] 图 f02_terrain_nodes  研究区 30 m DEM 与任务节点分布
01:50:33 [INFO] 图 f03_box_stats  货箱质量/体积/时限统计
01:50:33 [INFO] 表 t_box_by_type  分类物资总量统计
01:50:33 [INFO] 表 t_box_by_service  各服务区物资需求
01:50:33 [INFO] 生成问题一图 ...
01:50:34 [INFO] 图 f04_q1_payload  最大安全载荷热力图与生效约束
01:50:34 [INFO] 表 t_q1_payload  3 机型 × 15 服务区最大安全载荷
01:50:34 [INFO] 图 f05_q1_groups  货箱组批方案构成
01:50:34 [INFO] 表 t_q1_groups  货箱组批方案明细（交付模板列序）
01:50:34 [INFO] 图 f06_q1_strategy  策略对比与 Pareto 前沿
01:50:34 [INFO] 表 t_q1_strategy  各策略多目标对比
01:50:34 [INFO] 表 t_q1_lowerbound  逐服务区架次数下界与差距
01:50:35 [INFO] 图 f07_q1_rho  返航安全余量敏感性分析
01:50:35 [INFO] 表 t_q1_rho_sweep  ρ_g 扫描汇总
01:50:35 [INFO] 生成问题二图 ...
01:50:36 [INFO] 图 f08_q2_gantt  运输调度甘特图
01:50:36 [INFO] 表 t_q2_sorties  问题二运输架次明细（交付模板列序）
01:50:36 [INFO] 图 f09_q2_timeliness  物资时限达成分析
01:50:36 [INFO] 表 t_q2_timeliness  逐箱时限达成明细
01:50:36 [INFO] 表 t_q2_tradeoff  问题二四目标权衡与候选机队对比
01:50:37 [INFO] 图 f10_q2_resources  资源使用情况
01:50:37 [INFO] 表 t_q2_uav_use  实体无人机使用统计
01:50:37 [INFO] 表 t_q2_battery_use  共享电池周转明细
01:50:37 [INFO] 表 t_q2_battery_count  共享电池使用次数
01:50:37 [INFO] 生成问题三图 ...
01:50:38 [INFO] 图 f11_q3_diagnosis  连续通信诊断
01:50:38 [INFO] 表 t_q3_diagnosis  逐架次直连状态诊断
01:50:38 [INFO] 图 f12_q3_relay_map  中继悬停点与保障关系
01:50:38 [INFO] 表 t_q3_relay_sorties  中继架次明细（交付模板列序）
01:50:38 [INFO] 表 t_q3_siting  逐架次选址结果
01:50:39 [INFO] 图 f13_q3_coverage  中继选址特征
01:50:39 [INFO] 表 t_q3_summary  中继保障汇总
01:50:39 [INFO] 图 f14_q3_joint_gantt  运输与中继联合调度时间线
01:50:39 [INFO] 生成问题四图 ...
01:50:40 [INFO] 图 f15_q4_graph  原子单元连通分量分析
01:50:40 [INFO] 表 t_q4_bridge  桥接架次清单
01:50:40 [INFO] 表 t_q4_units  原子单元（连通分量）
01:50:41 [INFO] 图 f16_q4_compare  分区方案多指标对比
01:50:41 [INFO] 表 t_q4_compare  分区方案对比
01:50:41 [INFO] 表 t_q4_gap  逐方案逐类资源缺口
01:50:41 [INFO] 图 f17_q4_detail  逐组资源配置与工作量
01:50:41 [INFO] 表 t_q4_group  逐组资源与工作量明细
01:50:41 [INFO] 表 t_all_metrics  四问关键指标汇总
01:50:41 [INFO] 完成：图 17 个 / 表 23 个
01:50:41 [INFO] 图表目录：paper
02:04:38 [INFO] 载入全部结果 ...
02:04:38 [INFO] 生成公共图 ...
02:04:38 [INFO] 图 f01_roadmap  全文技术路线图
02:04:39 [INFO] 图 f02_terrain_nodes  研究区 30 m DEM 与任务节点分布
02:04:39 [INFO] 图 f03_box_stats  货箱质量/体积/时限统计
02:04:39 [INFO] 表 t_box_by_type  分类物资总量统计
02:04:39 [INFO] 表 t_box_by_service  各服务区物资需求
02:04:39 [INFO] 生成问题一图 ...
02:04:40 [INFO] 图 f04_q1_payload  最大安全载荷热力图与生效约束
02:04:40 [INFO] 表 t_q1_payload  3 机型 × 15 服务区最大安全载荷
02:04:40 [INFO] 图 f05_q1_groups  货箱组批方案构成
02:04:40 [INFO] 表 t_q1_groups  货箱组批方案明细（交付模板列序）
02:04:41 [INFO] 图 f06_q1_strategy  策略对比与 Pareto 前沿
02:04:41 [INFO] 表 t_q1_strategy  各策略多目标对比
02:04:41 [INFO] 表 t_q1_lowerbound  逐服务区架次数下界与差距
02:04:41 [INFO] 图 f07_q1_rho  返航安全余量敏感性分析
02:04:41 [INFO] 表 t_q1_rho_sweep  ρ_g 扫描汇总
02:04:41 [INFO] 生成问题二图 ...
02:04:42 [INFO] 图 f08_q2_gantt  运输调度甘特图
02:04:42 [INFO] 表 t_q2_sorties  问题二运输架次明细（交付模板列序）
02:04:42 [INFO] 图 f09_q2_timeliness  物资时限达成分析
02:04:42 [INFO] 表 t_q2_timeliness  逐箱时限达成明细
02:04:43 [INFO] 表 t_q2_tradeoff  问题二四目标权衡与候选机队对比
02:04:43 [INFO] 图 f10_q2_resources  资源使用情况
02:04:43 [INFO] 表 t_q2_uav_use  实体无人机使用统计
02:04:43 [INFO] 表 t_q2_battery_use  共享电池周转明细
02:04:43 [INFO] 表 t_q2_battery_count  共享电池使用次数
02:04:43 [INFO] 生成问题三图 ...
02:04:44 [INFO] 图 f11_q3_diagnosis  连续通信诊断
02:04:44 [INFO] 表 t_q3_diagnosis  逐架次直连状态诊断
02:04:44 [INFO] 图 f12_q3_relay_map  中继悬停点与保障关系
02:04:44 [INFO] 表 t_q3_relay_sorties  中继架次明细（交付模板列序）
02:04:44 [INFO] 表 t_q3_siting  逐架次选址结果
02:04:45 [INFO] 图 f13_q3_coverage  中继选址特征
02:04:45 [INFO] 表 t_q3_summary  中继保障汇总
02:04:45 [INFO] 图 f14_q3_joint_gantt  运输与中继联合调度时间线
02:04:45 [INFO] 生成问题四图 ...
02:04:46 [INFO] 图 f15_q4_graph  原子单元连通分量分析
02:04:46 [INFO] 表 t_q4_bridge  桥接架次清单
02:04:46 [INFO] 表 t_q4_units  原子单元（连通分量）
02:04:47 [INFO] 图 f16_q4_compare  分区方案多指标对比
02:04:47 [INFO] 表 t_q4_compare  分区方案对比
02:04:47 [INFO] 表 t_q4_gap  逐方案逐类资源缺口
02:04:47 [INFO] 图 f17_q4_detail  逐组资源配置与工作量
02:04:47 [INFO] 表 t_q4_group  逐组资源与工作量明细
02:04:47 [INFO] 表 t_all_metrics  四问关键指标汇总
02:04:47 [INFO] 完成：图 17 个 / 表 23 个
02:04:47 [INFO] 图表目录：paper
02:11:31 [INFO] 生成补充图 ...
02:11:31 [INFO] 图 f18_physics_calculator  统一物理计算器的公式与耦合关系
02:11:31 [INFO] 图 f19_link_budget  通信链路预算与门限分析
02:11:31 [INFO] 表 t_link_thresholds  三条链路的门限与可达距离
02:11:32 [INFO] 图 f20_flight_profile  飞行剖面与能耗构成
02:11:32 [INFO] 图 f21_verifier  独立可行性校验器架构与结果
02:11:32 [INFO] 图 f22_sensitivity  四类敏感性分析
02:11:32 [INFO] 表 t_sensitivity  敏感性分析汇总
02:11:33 [INFO] 图 f23_model_params  机型与中继参数一览
02:11:33 [INFO] 表 t_uav_params  三种运输机型参数
02:11:33 [INFO] 表 t_relay_params  中继无人机参数
02:11:33 [INFO] 表 t_battery_inventory  共享电池库存
02:11:33 [INFO] 图 f24_nodes  节点坐标与海拔分布
02:11:33 [INFO] 表 t_nodes  调度中心与服务区坐标及海拔
02:11:33 [INFO] 表 t_leg_cache_sample  航段缓存样例（前 300 条有序航段）
02:11:33 [INFO] 表 t_uav_fleet  逐架实体无人机清单
02:11:33 [INFO] 表 t_relay_fleet  中继无人机参数
02:11:33 [INFO] 按问题分目录备份 ...
02:11:33 [INFO]   总体分析：图 10 / 表 13 / 数据 10
02:11:33 [INFO]   问题一：图 4 / 表 5 / 数据 11
02:11:33 [INFO]   问题二：图 3 / 表 6 / 数据 10
02:11:33 [INFO]   问题三：图 4 / 表 4 / 数据 9
02:11:33 [INFO]   问题四：图 3 / 表 5 / 数据 9
02:17:51 [INFO] 生成补充图 ...
02:17:51 [INFO] 图 f18_physics_calculator  统一物理计算器的公式与耦合关系
02:17:52 [INFO] 图 f19_link_budget  通信链路预算与门限分析
02:17:52 [INFO] 表 t_link_thresholds  三条链路的门限与可达距离
02:17:52 [INFO] 图 f20_flight_profile  飞行剖面与能耗构成
02:17:52 [INFO] 图 f21_verifier  独立可行性校验器架构与结果
02:17:53 [INFO] 图 f22_sensitivity  四类敏感性分析
02:17:53 [INFO] 表 t_sensitivity  敏感性分析汇总
02:17:53 [INFO] 图 f23_model_params  机型与中继参数一览
02:17:53 [INFO] 表 t_uav_params  三种运输机型参数
02:17:53 [INFO] 表 t_relay_params  中继无人机参数
02:17:53 [INFO] 表 t_battery_inventory  共享电池库存
02:17:53 [INFO] 图 f24_nodes  节点坐标与海拔分布
02:17:53 [INFO] 表 t_nodes  调度中心与服务区坐标及海拔
02:17:53 [INFO] 表 t_leg_cache_sample  航段缓存样例（前 300 条有序航段）
02:17:53 [INFO] 表 t_uav_fleet  逐架实体无人机清单
02:17:53 [INFO] 表 t_relay_fleet  中继无人机参数
02:17:53 [INFO] 按问题分目录备份 ...
02:17:53 [INFO]   总体分析：图 10 / 表 13 / 数据 10
02:17:53 [INFO]   问题一：图 4 / 表 5 / 数据 11
02:17:53 [INFO]   问题二：图 3 / 表 6 / 数据 10
02:17:53 [INFO]   问题三：图 4 / 表 4 / 数据 9
02:17:53 [INFO]   问题四：图 3 / 表 5 / 数据 9
13:41:12 [INFO] 载入全部结果 ...
13:41:12 [INFO] 生成公共图 ...
13:41:12 [INFO] 图 f01_roadmap  全文技术路线图
13:41:13 [INFO] 图 f02_terrain_nodes  研究区 30 m DEM 与任务节点分布
13:41:13 [INFO] 图 f03_box_stats  货箱质量/体积/时限统计
13:41:13 [INFO] 表 t_box_by_type  分类物资总量统计
13:41:13 [INFO] 表 t_box_by_service  各服务区物资需求
13:41:13 [INFO] 生成问题一图 ...
13:41:14 [INFO] 图 f04_q1_payload  最大安全载荷热力图与生效约束
13:41:14 [INFO] 表 t_q1_payload  3 机型 × 15 服务区最大安全载荷
13:41:14 [INFO] 图 f05_q1_groups  货箱组批方案构成
13:41:14 [INFO] 表 t_q1_groups  货箱组批方案明细（交付模板列序）
13:41:14 [INFO] 图 f06_q1_strategy  策略对比与 Pareto 前沿
13:41:14 [INFO] 表 t_q1_strategy  各策略多目标对比
13:41:14 [INFO] 表 t_q1_lowerbound  逐服务区架次数下界与差距
13:41:15 [INFO] 图 f07_q1_rho  返航安全余量敏感性分析
13:41:15 [INFO] 表 t_q1_rho_sweep  ρ_g 扫描汇总
13:41:15 [INFO] 生成问题二图 ...
13:41:15 [INFO] 图 f08_q2_gantt  运输调度甘特图
13:41:15 [INFO] 表 t_q2_sorties  问题二运输架次明细（交付模板列序）
13:41:16 [INFO] 图 f09_q2_timeliness  物资时限达成分析
13:41:16 [INFO] 表 t_q2_timeliness  逐箱时限达成明细
13:41:16 [INFO] 表 t_q2_tradeoff  问题二四目标权衡与候选机队对比
13:41:16 [INFO] 图 f10_q2_resources  资源使用情况
13:41:16 [INFO] 表 t_q2_uav_use  实体无人机使用统计
13:41:16 [INFO] 表 t_q2_battery_use  共享电池周转明细
13:41:16 [INFO] 表 t_q2_battery_count  共享电池使用次数
13:41:16 [INFO] 生成问题三图 ...
13:41:17 [INFO] 图 f11_q3_diagnosis  连续通信诊断
13:41:17 [INFO] 表 t_q3_diagnosis  逐架次直连状态诊断
13:41:17 [INFO] 图 f12_q3_relay_map  中继悬停点与保障关系
13:41:17 [INFO] 表 t_q3_relay_sorties  中继架次明细（交付模板列序）
13:41:17 [INFO] 表 t_q3_siting  逐架次选址结果
13:41:18 [INFO] 图 f13_q3_coverage  中继选址特征
13:41:18 [INFO] 表 t_q3_summary  中继保障汇总
13:41:18 [INFO] 图 f14_q3_joint_gantt  运输与中继联合调度时间线
13:41:18 [INFO] 生成问题四图 ...
13:41:19 [INFO] 图 f15_q4_graph  原子单元连通分量分析
13:41:19 [INFO] 表 t_q4_bridge  桥接架次清单
13:41:19 [INFO] 表 t_q4_units  原子单元（连通分量）
13:41:20 [INFO] 图 f16_q4_compare  分区方案多指标对比
13:41:20 [INFO] 表 t_q4_compare  分区方案对比
13:41:20 [INFO] 表 t_q4_gap  逐方案逐类资源缺口
13:41:20 [INFO] 图 f17_q4_detail  逐组资源配置与工作量
13:41:20 [INFO] 表 t_q4_group  逐组资源与工作量明细
13:41:20 [INFO] 表 t_all_metrics  四问关键指标汇总
13:41:20 [INFO] 完成：图 17 个 / 表 23 个
13:41:20 [INFO] 图表目录：paper
13:41:21 [INFO] 生成补充图 ...
13:41:21 [INFO] 图 f18_physics_calculator  统一物理计算器的公式与耦合关系
13:41:21 [INFO] 图 f19_link_budget  通信链路预算与门限分析
13:41:21 [INFO] 表 t_link_thresholds  三条链路的门限与可达距离
13:41:22 [INFO] 图 f20_flight_profile  飞行剖面与能耗构成
13:41:22 [INFO] 图 f21_verifier  独立可行性校验器架构与结果
13:41:23 [INFO] 图 f22_sensitivity  四类敏感性分析
13:41:23 [INFO] 表 t_sensitivity  敏感性分析汇总
13:41:23 [INFO] 图 f23_model_params  机型与中继参数一览
13:41:23 [INFO] 表 t_uav_params  三种运输机型参数
13:41:23 [INFO] 表 t_relay_params  中继无人机参数
13:41:23 [INFO] 表 t_battery_inventory  共享电池库存
13:41:23 [INFO] 图 f24_nodes  节点坐标与海拔分布
13:41:23 [INFO] 表 t_nodes  调度中心与服务区坐标及海拔
13:41:23 [INFO] 表 t_leg_cache_sample  航段缓存样例（前 300 条有序航段）
13:41:23 [INFO] 表 t_uav_fleet  逐架实体无人机清单
13:41:23 [INFO] 表 t_relay_fleet  中继无人机参数
13:41:23 [INFO] 按问题分目录备份 ...
13:41:23 [INFO]   总体分析：图 10 / 表 13 / 数据 10
13:41:23 [INFO]   问题一：图 4 / 表 5 / 数据 11
13:41:23 [INFO]   问题二：图 3 / 表 6 / 数据 10
13:41:23 [INFO]   问题三：图 4 / 表 4 / 数据 9
13:41:23 [INFO]   问题四：图 3 / 表 5 / 数据 9
14:02:30 [INFO] 载入全部结果 ...
14:02:30 [INFO] 生成公共图 ...
14:02:30 [INFO] 图 f01_roadmap  全文技术路线图
14:02:31 [INFO] 图 f02_terrain_nodes  研究区 30 m DEM 与任务节点分布
14:02:31 [INFO] 图 f03_box_stats  货箱质量/体积/时限统计
14:02:31 [INFO] 表 t_box_by_type  分类物资总量统计
14:02:31 [INFO] 表 t_box_by_service  各服务区物资需求
14:02:31 [INFO] 生成问题一图 ...
14:02:31 [INFO] 图 f04_q1_payload  最大安全载荷热力图与生效约束
14:02:31 [INFO] 表 t_q1_payload  3 机型 × 15 服务区最大安全载荷
14:02:31 [INFO] 图 f05_q1_groups  货箱组批方案构成
14:02:31 [INFO] 表 t_q1_groups  货箱组批方案明细（交付模板列序）
14:02:32 [INFO] 图 f06_q1_strategy  策略对比与 Pareto 前沿
14:02:32 [INFO] 表 t_q1_strategy  各策略多目标对比
14:02:32 [INFO] 表 t_q1_lowerbound  逐服务区架次数下界与差距
14:02:32 [INFO] 图 f07_q1_rho  返航安全余量敏感性分析
14:02:32 [INFO] 表 t_q1_rho_sweep  ρ_g 扫描汇总
14:02:32 [INFO] 生成问题二图 ...
14:02:33 [INFO] 图 f08_q2_gantt  运输调度甘特图
14:02:33 [INFO] 表 t_q2_sorties  问题二运输架次明细（交付模板列序）
14:02:33 [INFO] 图 f09_q2_timeliness  物资时限达成分析
14:02:33 [INFO] 表 t_q2_timeliness  逐箱时限达成明细
14:02:33 [INFO] 表 t_q2_tradeoff  问题二四目标权衡与候选机队对比
14:02:34 [INFO] 图 f10_q2_resources  资源使用情况
14:02:34 [INFO] 表 t_q2_uav_use  实体无人机使用统计
14:02:34 [INFO] 表 t_q2_battery_use  共享电池周转明细
14:02:34 [INFO] 表 t_q2_battery_count  共享电池使用次数
14:02:34 [INFO] 生成问题三图 ...
14:02:35 [INFO] 图 f11_q3_diagnosis  连续通信诊断
14:02:35 [INFO] 表 t_q3_diagnosis  逐架次直连状态诊断
14:02:35 [INFO] 图 f12_q3_relay_map  中继悬停点与保障关系
14:02:35 [INFO] 表 t_q3_relay_sorties  中继架次明细（交付模板列序）
14:02:35 [INFO] 表 t_q3_siting  逐架次选址结果
14:02:36 [INFO] 图 f13_q3_coverage  中继选址特征
14:02:36 [INFO] 表 t_q3_summary  中继保障汇总
14:02:36 [INFO] 图 f14_q3_joint_gantt  运输与中继联合调度时间线
14:02:36 [INFO] 生成问题四图 ...
14:02:37 [INFO] 图 f15_q4_graph  原子单元连通分量分析
14:02:37 [INFO] 表 t_q4_bridge  桥接架次清单
14:02:37 [INFO] 表 t_q4_units  原子单元（连通分量）
14:02:37 [INFO] 图 f16_q4_compare  分区方案多指标对比
14:02:37 [INFO] 表 t_q4_compare  分区方案对比
14:02:37 [INFO] 表 t_q4_gap  逐方案逐类资源缺口
14:02:38 [INFO] 图 f17_q4_detail  逐组资源配置与工作量
14:02:38 [INFO] 表 t_q4_group  逐组资源与工作量明细
14:02:38 [INFO] 表 t_all_metrics  四问关键指标汇总
14:02:38 [INFO] 完成：图 17 个 / 表 23 个
14:02:38 [INFO] 图表目录：paper
14:02:39 [INFO] 生成补充图 ...
14:02:39 [INFO] 图 f18_physics_calculator  统一物理计算器的公式与耦合关系
14:02:39 [INFO] 图 f19_link_budget  通信链路预算与门限分析
14:02:39 [INFO] 表 t_link_thresholds  三条链路的门限与可达距离
14:02:40 [INFO] 图 f20_flight_profile  飞行剖面与能耗构成
14:02:40 [INFO] 图 f21_verifier  独立可行性校验器架构与结果
14:02:41 [INFO] 图 f22_sensitivity  四类敏感性分析
14:02:41 [INFO] 表 t_sensitivity  敏感性分析汇总
14:02:41 [INFO] 图 f23_model_params  机型与中继参数一览
14:02:41 [INFO] 表 t_uav_params  三种运输机型参数
14:02:41 [INFO] 表 t_relay_params  中继无人机参数
14:02:41 [INFO] 表 t_battery_inventory  共享电池库存
14:02:41 [INFO] 图 f24_nodes  节点坐标与海拔分布
14:02:41 [INFO] 表 t_nodes  调度中心与服务区坐标及海拔
14:02:41 [INFO] 表 t_leg_cache_sample  航段缓存样例（前 300 条有序航段）
14:02:41 [INFO] 表 t_uav_fleet  逐架实体无人机清单
14:02:41 [INFO] 表 t_relay_fleet  中继无人机参数
14:02:41 [INFO] 按问题分目录备份 ...
14:02:41 [INFO]   总体分析：图 10 / 表 13 / 数据 10
14:02:41 [INFO]   问题一：图 4 / 表 5 / 数据 11
14:02:41 [INFO]   问题二：图 3 / 表 6 / 数据 10
14:02:41 [INFO]   问题三：图 4 / 表 4 / 数据 10
14:02:41 [INFO]   问题四：图 3 / 表 5 / 数据 9
